Archive member included to satisfy reference by file (symbol)

C:/ST/STM32CubeIDE_1.18.1/STM32CubeIDE/plugins/com.st.stm32cube.ide.mcu.externaltools.gnu-tools-for-stm32.13.3.rel1.win32_1.0.0.202411081344/tools/bin/../lib/gcc/arm-none-eabi/13.3.1/../../../../arm-none-eabi/lib/thumb/v7-m/nofp\libc_nano.a(libc_a-exit.o)
                              C:/ST/STM32CubeIDE_1.18.1/STM32CubeIDE/plugins/com.st.stm32cube.ide.mcu.externaltools.gnu-tools-for-stm32.13.3.rel1.win32_1.0.0.202411081344/tools/bin/../lib/gcc/arm-none-eabi/13.3.1/../../../../arm-none-eabi/lib/thumb/v7-m/nofp/crt0.o (exit)
C:/ST/STM32CubeIDE_1.18.1/STM32CubeIDE/plugins/com.st.stm32cube.ide.mcu.externaltools.gnu-tools-for-stm32.13.3.rel1.win32_1.0.0.202411081344/tools/bin/../lib/gcc/arm-none-eabi/13.3.1/../../../../arm-none-eabi/lib/thumb/v7-m/nofp\libc_nano.a(libc_a-findfp.o)
                              C:/ST/STM32CubeIDE_1.18.1/STM32CubeIDE/plugins/com.st.stm32cube.ide.mcu.externaltools.gnu-tools-for-stm32.13.3.rel1.win32_1.0.0.202411081344/tools/bin/../lib/gcc/arm-none-eabi/13.3.1/../../../../arm-none-eabi/lib/thumb/v7-m/nofp\libc_nano.a(libc_a-exit.o) (__stdio_exit_handler)
C:/ST/STM32CubeIDE_1.18.1/STM32CubeIDE/plugins/com.st.stm32cube.ide.mcu.externaltools.gnu-tools-for-stm32.13.3.rel1.win32_1.0.0.202411081344/tools/bin/../lib/gcc/arm-none-eabi/13.3.1/../../../../arm-none-eabi/lib/thumb/v7-m/nofp\libc_nano.a(libc_a-fwalk.o)
                              C:/ST/STM32CubeIDE_1.18.1/STM32CubeIDE/plugins/com.st.stm32cube.ide.mcu.externaltools.gnu-tools-for-stm32.13.3.rel1.win32_1.0.0.202411081344/tools/bin/../lib/gcc/arm-none-eabi/13.3.1/../../../../arm-none-eabi/lib/thumb/v7-m/nofp\libc_nano.a(libc_a-findfp.o) (_fwalk_sglue)
C:/ST/STM32CubeIDE_1.18.1/STM32CubeIDE/plugins/com.st.stm32cube.ide.mcu.externaltools.gnu-tools-for-stm32.13.3.rel1.win32_1.0.0.202411081344/tools/bin/../lib/gcc/arm-none-eabi/13.3.1/../../../../arm-none-eabi/lib/thumb/v7-m/nofp\libc_nano.a(libc_a-stdio.o)
                              C:/ST/STM32CubeIDE_1.18.1/STM32CubeIDE/plugins/com.st.stm32cube.ide.mcu.externaltools.gnu-tools-for-stm32.13.3.rel1.win32_1.0.0.202411081344/tools/bin/../lib/gcc/arm-none-eabi/13.3.1/../../../../arm-none-eabi/lib/thumb/v7-m/nofp\libc_nano.a(libc_a-findfp.o) (__sread)
C:/ST/STM32CubeIDE_1.18.1/STM32CubeIDE/plugins/com.st.stm32cube.ide.mcu.externaltools.gnu-tools-for-stm32.13.3.rel1.win32_1.0.0.202411081344/tools/bin/../lib/gcc/arm-none-eabi/13.3.1/../../../../arm-none-eabi/lib/thumb/v7-m/nofp\libc_nano.a(libc_a-memset.o)
                              C:/ST/STM32CubeIDE_1.18.1/STM32CubeIDE/plugins/com.st.stm32cube.ide.mcu.externaltools.gnu-tools-for-stm32.13.3.rel1.win32_1.0.0.202411081344/tools/bin/../lib/gcc/arm-none-eabi/13.3.1/../../../../arm-none-eabi/lib/thumb/v7-m/nofp/crt0.o (memset)
C:/ST/STM32CubeIDE_1.18.1/STM32CubeIDE/plugins/com.st.stm32cube.ide.mcu.externaltools.gnu-tools-for-stm32.13.3.rel1.win32_1.0.0.202411081344/tools/bin/../lib/gcc/arm-none-eabi/13.3.1/../../../../arm-none-eabi/lib/thumb/v7-m/nofp\libc_nano.a(libc_a-closer.o)
                              C:/ST/STM32CubeIDE_1.18.1/STM32CubeIDE/plugins/com.st.stm32cube.ide.mcu.externaltools.gnu-tools-for-stm32.13.3.rel1.win32_1.0.0.202411081344/tools/bin/../lib/gcc/arm-none-eabi/13.3.1/../../../../arm-none-eabi/lib/thumb/v7-m/nofp\libc_nano.a(libc_a-stdio.o) (_close_r)
C:/ST/STM32CubeIDE_1.18.1/STM32CubeIDE/plugins/com.st.stm32cube.ide.mcu.externaltools.gnu-tools-for-stm32.13.3.rel1.win32_1.0.0.202411081344/tools/bin/../lib/gcc/arm-none-eabi/13.3.1/../../../../arm-none-eabi/lib/thumb/v7-m/nofp\libc_nano.a(libc_a-reent.o)
                              C:/ST/STM32CubeIDE_1.18.1/STM32CubeIDE/plugins/com.st.stm32cube.ide.mcu.externaltools.gnu-tools-for-stm32.13.3.rel1.win32_1.0.0.202411081344/tools/bin/../lib/gcc/arm-none-eabi/13.3.1/../../../../arm-none-eabi/lib/thumb/v7-m/nofp\libc_nano.a(libc_a-closer.o) (errno)
C:/ST/STM32CubeIDE_1.18.1/STM32CubeIDE/plugins/com.st.stm32cube.ide.mcu.externaltools.gnu-tools-for-stm32.13.3.rel1.win32_1.0.0.202411081344/tools/bin/../lib/gcc/arm-none-eabi/13.3.1/../../../../arm-none-eabi/lib/thumb/v7-m/nofp\libc_nano.a(libc_a-impure.o)
                              C:/ST/STM32CubeIDE_1.18.1/STM32CubeIDE/plugins/com.st.stm32cube.ide.mcu.externaltools.gnu-tools-for-stm32.13.3.rel1.win32_1.0.0.202411081344/tools/bin/../lib/gcc/arm-none-eabi/13.3.1/../../../../arm-none-eabi/lib/thumb/v7-m/nofp\libc_nano.a(libc_a-reent.o) (_impure_ptr)
C:/ST/STM32CubeIDE_1.18.1/STM32CubeIDE/plugins/com.st.stm32cube.ide.mcu.externaltools.gnu-tools-for-stm32.13.3.rel1.win32_1.0.0.202411081344/tools/bin/../lib/gcc/arm-none-eabi/13.3.1/../../../../arm-none-eabi/lib/thumb/v7-m/nofp\libc_nano.a(libc_a-lseekr.o)
[...]
Memory Configuration

Name             Origin             Length             Attributes
RAM              0x20000000         0x00005000         xrw
FLASH            0x08000000         0x00010000         xr
*default*        0x00000000         0xffffffff

Linker script and memory map

LOAD C:/ST/STM32CubeIDE_1.18.1/STM32CubeIDE/plugins/com.st.stm32cube.ide.mcu.externaltools.gnu-tools-for-stm32.13.3.rel1.win32_1.0.0.202411081344/tools/bin/../lib/gcc/arm-none-eabi/13.3.1/thumb/v7-m/nofp/crti.o
LOAD C:/ST/STM32CubeIDE_1.18.1/STM32CubeIDE/plugins/com.st.stm32cube.ide.mcu.externaltools.gnu-tools-for-stm32.13.3.rel1.win32_1.0.0.202411081344/tools/bin/../lib/gcc/arm-none-eabi/13.3.1/thumb/v7-m/nofp/crtbegin.o
LOAD C:/ST/STM32CubeIDE_1.18.1/STM32CubeIDE/plugins/com.st.stm32cube.ide.mcu.externaltools.gnu-tools-for-stm32.13.3.rel1.win32_1.0.0.202411081344/tools/bin/../lib/gcc/arm-none-eabi/13.3.1/../../../../arm-none-eabi/lib/thumb/v7-m/nofp/crt0.o
LOAD ./Core/Src/MCP4725.o
LOAD ./Core/Src/gpio.o
LOAD ./Core/Src/i2c.o
LOAD ./Core/Src/main.o
LOAD ./Core/Src/nrf24l01p.o
LOAD ./Core/Src/spi.o
LOAD ./Core/Src/stm32f1xx_hal_msp.o
LOAD ./Core/Src/stm32f1xx_it.o
LOAD ./Core/Src/syscalls.o
LOAD ./Core/Src/sysmem.o
LOAD ./Core/Src/system_stm32f1xx.o
LOAD ./Core/Src/usart.o
LOAD ./Core/Startup/startup_stm32f103c8tx.o
LOAD ./Drivers/STM32F1xx_HAL_Driver/Src/stm32f1xx_hal.o
LOAD ./Drivers/STM32F1xx_HAL_Driver/Src/stm32f1xx_hal_cortex.o
LOAD ./Drivers/STM32F1xx_HAL_Driver/Src/stm32f1xx_hal_dma.o
LOAD ./Drivers/STM32F1xx_HAL_Driver/Src/stm32f1xx_hal_exti.o
LOAD ./Drivers/STM32F1xx_HAL_Driver/Src/stm32f1xx_hal_flash.o
LOAD ./Drivers/STM32F1xx_HAL_Driver/Src/stm32f1xx_hal_flash_ex.o
LOAD ./Drivers/STM32F1xx_HAL_Driver/Src/stm32f1xx_hal_gpio.o
LOAD ./Drivers/STM32F1xx_HAL_Driver/Src/stm32f1xx_hal_gpio_ex.o
LOAD ./Drivers/STM32F1xx_HAL_Driver/Src/stm32f1xx_hal_i2c.o
LOAD ./Drivers/STM32F1xx_HAL_Driver/Src/stm32f1xx_hal_pwr.o
LOAD ./Drivers/STM32F1xx_HAL_Driver/Src/stm32f1xx_hal_rcc.o
LOAD ./Drivers/STM32F1xx_HAL_Driver/Src/stm32f1xx_hal_rcc_ex.o
LOAD ./Drivers/STM32F1xx_HAL_Driver/Src/stm32f1xx_hal_spi.o
LOAD ./Drivers/STM32F1xx_HAL_Driver/Src/stm32f1xx_hal_uart.o
START GROUP
LOAD C:/ST/STM32CubeIDE_1.18.1/STM32CubeIDE/plugins/com.st.stm32cube.ide.mcu.externaltools.gnu-tools-for-stm32.13.3.rel1.win32_1.0.0.202411081344/tools/bin/../lib/gcc/arm-none-eabi/13.3.1/../../../../arm-none-eabi/lib/thumb/v7-m/nofp\libstdc++_nano.a
LOAD C:/ST/STM32CubeIDE_1.18.1/STM32CubeIDE/plugins/com.st.stm32cube.ide.mcu.externaltools.gnu-tools-for-stm32.13.3.rel1.win32_1.0.0.202411081344/tools/bin/../lib/gcc/arm-none-eabi/13.3.1/../../../../arm-none-eabi/lib/thumb/v7-m/nofp\libsupc++_nano.a
END GROUP
LOAD C:/ST/STM32CubeIDE_1.18.1/STM32CubeIDE/plugins/com.st.stm32cube.ide.mcu.externaltools.gnu-tools-for-stm32.13.3.rel1.win32_1.0.0.202411081344/tools/bin/../lib/gcc/arm-none-eabi/13.3.1/../../../../arm-none-eabi/lib/thumb/v7-m/nofp\libstdc++_nano.a
LOAD C:/ST/STM32CubeIDE_1.18.1/STM32CubeIDE/plugins/com.st.stm32cube.ide.mcu.externaltools.gnu-tools-for-stm32.13.3.rel1.win32_1.0.0.202411081344/tools/bin/../lib/gcc/arm-none-eabi/13.3.1/../../../../arm-none-eabi/lib/thumb/v7-m/nofp\libm.a
LOAD C:/ST/STM32CubeIDE_1.18.1/STM32CubeIDE/plugins/com.st.stm32cube.ide.mcu.externaltools.gnu-tools-for-stm32.13.3.rel1.win32_1.0.0.202411081344/tools/bin/../lib/gcc/arm-none-eabi/13.3.1/../../../../arm-none-eabi/lib/thumb/v7-m/nofp\libc_nano.a
START GROUP
LOAD C:/ST/STM32CubeIDE_1.18.1/STM32CubeIDE/plugins/com.st.stm32cube.ide.mcu.externaltools.gnu-tools-for-stm32.13.3.rel1.win32_1.0.0.202411081344/tools/bin/../lib/gcc/arm-none-eabi/13.3.1/thumb/v7-m/nofp\libgcc.a
LOAD C:/ST/STM32CubeIDE_1.18.1/STM32CubeIDE/plugins/com.st.stm32cube.ide.mcu.externaltools.gnu-tools-for-stm32.13.3.rel1.win32_1.0.0.202411081344/tools/bin/../lib/gcc/arm-none-eabi/13.3.1/../../../../arm-none-eabi/lib/thumb/v7-m/nofp\libc_nano.a
END GROUP
START GROUP
LOAD C:/ST/STM32CubeIDE_1.18.1/STM32CubeIDE/plugins/com.st.stm32cube.ide.mcu.externaltools.gnu-tools-for-stm32.13.3.rel1.win32_1.0.0.202411081344/tools/bin/../lib/gcc/arm-none-eabi/13.3.1/thumb/v7-m/nofp\libgcc.a
LOAD C:/ST/STM32CubeIDE_1.18.1/STM32CubeIDE/plugins/com.st.stm32cube.ide.mcu.externaltools.gnu-tools-for-stm32.13.3.rel1.win32_1.0.0.202411081344/tools/bin/../lib/gcc/arm-none-eabi/13.3.1/../../../../arm-none-eabi/lib/thumb/v7-m/nofp\libc_nano.a
LOAD C:/ST/STM32CubeIDE_1.18.1/STM32CubeIDE/plugins/com.st.stm32cube.ide.mcu.externaltools.gnu-tools-for-stm32.13.3.rel1.win32_1.0.0.202411081344/tools/bin/../lib/gcc/arm-none-eabi/13.3.1/../../../../arm-none-eabi/lib/thumb/v7-m/nofp\libnosys.a
END GROUP
START GROUP
LOAD C:/ST/STM32CubeIDE_1.18.1/STM32CubeIDE/plugins/com.st.stm32cube.ide.mcu.externaltools.gnu-tools-for-stm32.13.3.rel1.win32_1.0.0.202411081344/tools/bin/../lib/gcc/arm-none-eabi/13.3.1/thumb/v7-m/nofp\libgcc.a
LOAD C:/ST/STM32CubeIDE_1.18.1/STM32CubeIDE/plugins/com.st.stm32cube.ide.mcu.externaltools.gnu-tools-for-stm32.13.3.rel1.win32_1.0.0.202411081344/tools/bin/../lib/gcc/arm-none-eabi/13.3.1/../../../../arm-none-eabi/lib/thumb/v7-m/nofp\libc_nano.a
LOAD C:/ST/STM32CubeIDE_1.18.1/STM32CubeIDE/plugins/com.st.stm32cube.ide.mcu.externaltools.gnu-tools-for-stm32.13.3.rel1.win32_1.0.0.202411081344/tools/bin/../lib/gcc/arm-none-eabi/13.3.1/../../../../arm-none-eabi/lib/thumb/v7-m/nofp\libnosys.a
END GROUP
LOAD C:/ST/STM32CubeIDE_1.18.1/STM32CubeIDE/plugins/com.st.stm32cube.ide.mcu.externaltools.gnu-tools-for-stm32.13.3.rel1.win32_1.0.0.202411081344/tools/bin/../lib/gcc/arm-none-eabi/13.3.1/thumb/v7-m/nofp/crtend.o
LOAD C:/ST/STM32CubeIDE_1.18.1/STM32CubeIDE/plugins/com.st.stm32cube.ide.mcu.externaltools.gnu-tools-for-stm32.13.3.rel1.win32_1.0.0.202411081344/tools/bin/../lib/gcc/arm-none-eabi/13.3.1/thumb/v7-m/nofp/crtn.o
                0x20005000                        _estack = (ORIGIN (RAM) + LENGTH (RAM))
                0x00000200                        _Min_Heap_Size = 0x200
                0x00000400                        _Min_Stack_Size = 0x400

.isr_vector     0x08000000      0x10c
                0x08000000                        . = ALIGN (0x4)
 *(.isr_vector)
 .isr_vector    0x08000000      0x10c ./Core/Startup/startup_stm32f103c8tx.o
                0x08000000                g_pfnVectors
                0x0800010c                        . = ALIGN (0x4)

.text           0x08000110     0x72fc
                0x08000110                        . = ALIGN (0x4)
 *(.text)
 .text          0x08000110       0x40 C:/ST/STM32CubeIDE_1.18.1/STM32CubeIDE/plugins/com.st.stm32cube.ide.mcu.externaltools.gnu-tools-for-stm32.13.3.rel1.win32_1.0.0.202411081344/tools/bin/../lib/gcc/arm-none-eabi/13.3.1/thumb/v7-m/nofp/crtbegin.o
 .text          0x08000150      0x378 C:/ST/STM32CubeIDE_1.18.1/STM32CubeIDE/plugins/com.st.stm32cube.ide.mcu.externaltools.gnu-tools-for-stm32.13.3.rel1.win32_1.0.0.202411081344/tools/bin/../lib/gcc/arm-none-eabi/13.3.1/thumb/v7-m/nofp\libgcc.a(_arm_addsubdf3.o)
                0x08000150                __aeabi_drsub
                0x08000158                __aeabi_dsub
                0x08000158                __subdf3
                0x0800015c                __aeabi_dadd
                0x0800015c                __adddf3
                0x080003d4                __floatunsidf
                0x080003d4                __aeabi_ui2d
                0x080003f4                __floatsidf
                0x080003f4                __aeabi_i2d
                0x08000418                __aeabi_f2d
                0x08000418                __extendsfdf2
                0x0800045c                __floatundidf
                0x0800045c                __aeabi_ul2d
                0x0800046c                __floatdidf
                0x0800046c                __aeabi_l2d
 .text          0x080004c8      0x424 C:/ST/STM32CubeIDE_1.18.1/STM32CubeIDE/plugins/com.st.stm32cube.ide.mcu.externaltools.gnu-tools-for-stm32.13.3.rel1.win32_1.0.0.202411081344/tools/bin/../lib/gcc/arm-none-eabi/13.3.1/thumb/v7-m/nofp\libgcc.a(_arm_muldivdf3.o)
                0x080004c8                __aeabi_dmul
                0x080004c8                __muldf3
                0x0800071c                __divdf3
                0x0800071c                __aeabi_ddiv
 .text          0x080008ec       0x40 C:/ST/STM32CubeIDE_1.18.1/STM32CubeIDE/plugins/com.st.stm32cube.ide.mcu.externaltools.gnu-tools-for-stm32.13.3.rel1.win32_1.0.0.202411081344/tools/bin/../lib/gcc/arm-none-eabi/13.3.1/thumb/v7-m/nofp\libgcc.a(_arm_fixunsdfsi.o)
                0x080008ec                __aeabi_d2uiz
                0x080008ec                __fixunsdfsi
 .text          0x0800092c      0x2a0 C:/ST/STM32CubeIDE_1.18.1/STM32CubeIDE/plugins/com.st.stm32cube.ide.mcu.externaltools.gnu-tools-for-stm32.13.3.rel1.win32_1.0.0.202411081344/tools/bin/../lib/gcc/arm-none-eabi/13.3.1/thumb/v7-m/nofp\libgcc.a(_arm_muldivsf3.o)
                0x0800092c                __mulsf3
                0x0800092c                __aeabi_fmul
                0x08000a94                __aeabi_fdiv
                0x08000a94                __divsf3
 .text          0x08000bcc       0xec C:/ST/STM32CubeIDE_1.18.1/STM32CubeIDE/plugins/com.st.stm32cube.ide.mcu.externaltools.gnu-tools-for-stm32.13.3.rel1.win32_1.0.0.202411081344/tools/bin/../lib/gcc/arm-none-eabi/13.3.1/thumb/v7-m/nofp\libgcc.a(_arm_cmpsf2.o)
                0x08000bcc                __gesf2
                0x08000bcc                __gtsf2
                0x08000bd4                __lesf2
                0x08000bd4                __ltsf2
                0x08000bdc                __nesf2
                0x08000bdc                __eqsf2
                0x08000bdc                __cmpsf2
                0x08000c3c                __aeabi_cfrcmple
                0x08000c44                __aeabi_cfcmpeq
                0x08000c44                __aeabi_cfcmple
                0x08000c54                __aeabi_fcmpeq
                0x08000c68                __aeabi_fcmplt
                0x08000c7c                __aeabi_fcmple
                0x08000c90                __aeabi_fcmpge
                0x08000ca4                __aeabi_fcmpgt
 .text          0x08000cb8       0x40 C:/ST/STM32CubeIDE_1.18.1/STM32CubeIDE/plugins/com.st.stm32cube.ide.mcu.externaltools.gnu-tools-for-stm32.13.3.rel1.win32_1.0.0.202411081344/tools/bin/../lib/gcc/arm-none-eabi/13.3.1/thumb/v7-m/nofp\libgcc.a(_arm_fixunssfsi.o)
                0x08000cb8                __fixunssfsi
                0x08000cb8                __aeabi_f2uiz
 *(.text*)
 .text.MCP4725_init
                0x08000cf8       0x3e ./Core/Src/MCP4725.o
                0x08000cf8                MCP4725_init
 .text.MCP4725_isConnected
                0x08000d36       0x2e ./Core/Src/MCP4725.o
                0x08000d36                MCP4725_isConnected
 .text.MCP4725_setReferenceVoltage
                0x08000d64       0x54 ./Core/Src/MCP4725.o
                0x08000d64                MCP4725_setReferenceVoltage
 .text.MCP4725_setValue
                0x08000db8       0x30 ./Core/Src/MCP4725.o
                0x08000db8                MCP4725_setValue
 .text.MCP4725_getEepromBusyFlag
                0x08000de8       0x3a ./Core/Src/MCP4725.o
                0x08000de8                MCP4725_getEepromBusyFlag
 .text.MCP4725_writeComand
                0x08000e22      0x104 ./Core/Src/MCP4725.o
                0x08000e22                MCP4725_writeComand
 .text.MCP4725_readRegister
                0x08000f26       0xe0 ./Core/Src/MCP4725.o
                0x08000f26                MCP4725_readRegister
 *fill*         0x08001006        0x2 
 .text.MX_GPIO_Init
                0x08001008      0x158 ./Core/Src/gpio.o
                0x08001008                MX_GPIO_Init
 .text.MX_I2C1_Init
                0x08001160       0x5c ./Core/Src/i2c.o
                0x08001160                MX_I2C1_Init
 .text.HAL_I2C_MspInit
                0x080011bc       0xc0 ./Core/Src/i2c.o
                0x080011bc                HAL_I2C_MspInit
 *fill*         0x0800127c        0x4 
 .text.main     0x08001280      0x250 ./Core/Src/main.o
                0x08001280                main
 .text.SystemClock_Config
                0x080014d0       0x8a ./Core/Src/main.o
                0x080014d0                SystemClock_Config
 *fill*         0x0800155a        0x2 
 .text.HAL_UART_RxCpltCallback
                0x0800155c       0x2c ./Core/Src/main.o
                0x0800155c                HAL_UART_RxCpltCallback
 .text.setValue
                0x08001588       0x24 ./Core/Src/main.o
                0x08001588                setValue
 .text.HAL_GPIO_EXTI_Callback
                0x080015ac       0x4c ./Core/Src/main.o
                0x080015ac                HAL_GPIO_EXTI_Callback
 .text.Error_Handler
                0x080015f8        0xc ./Core/Src/main.o
                0x080015f8                Error_Handler
 .text.cs_high  0x08001604       0x18 ./Core/Src/nrf24l01p.o
 .text.cs_low   0x0800161c       0x18 ./Core/Src/nrf24l01p.o
 .text.ce_high  0x08001634       0x18 ./Core/Src/nrf24l01p.o
 .text.ce_low   0x0800164c       0x18 ./Core/Src/nrf24l01p.o
 .text.read_register
                0x08001664       0x4c ./Core/Src/nrf24l01p.o
 .text.write_register
                0x080016b0       0x5c ./Core/Src/nrf24l01p.o
 .text.nrf24l01p_rx_init
                0x0800170c       0x5c ./Core/Src/nrf24l01p.o
                0x0800170c                nrf24l01p_rx_init
 .text.nrf24l01p_rx_receive
                0x08001768       0x28 ./Core/Src/nrf24l01p.o
                0x08001768                nrf24l01p_rx_receive
 .text.nrf24l01p_reset
                0x08001790       0xa8 ./Core/Src/nrf24l01p.o
                0x08001790                nrf24l01p_reset
 .text.nrf24l01p_prx_mode
                0x08001838       0x2a ./Core/Src/nrf24l01p.o
                0x08001838                nrf24l01p_prx_mode
 *fill*         0x08001862        0x2 
 .text.nrf24l01p_read_rx_fifo
                0x08001864       0x48 ./Core/Src/nrf24l01p.o
                0x08001864                nrf24l01p_read_rx_fifo
 .text.nrf24l01p_flush_rx_fifo
                0x080018ac       0x30 ./Core/Src/nrf24l01p.o
                0x080018ac                nrf24l01p_flush_rx_fifo
 .text.nrf24l01p_flush_tx_fifo
                0x080018dc       0x30 ./Core/Src/nrf24l01p.o
                0x080018dc                nrf24l01p_flush_tx_fifo
 .text.nrf24l01p_get_status
                0x0800190c       0x34 ./Core/Src/nrf24l01p.o
                0x0800190c                nrf24l01p_get_status
 .text.nrf24l01p_rx_set_payload_widths
                0x08001940       0x1c ./Core/Src/nrf24l01p.o
                0x08001940                nrf24l01p_rx_set_payload_widths
 .text.nrf24l01p_clear_rx_dr
                0x0800195c       0x28 ./Core/Src/nrf24l01p.o
                0x0800195c                nrf24l01p_clear_rx_dr
 .text.nrf24l01p_power_up
                0x08001984       0x2a ./Core/Src/nrf24l01p.o
                0x08001984                nrf24l01p_power_up
 .text.nrf24l01p_set_crc_length
                0x080019ae       0x46 ./Core/Src/nrf24l01p.o
                0x080019ae                nrf24l01p_set_crc_length
 .text.nrf24l01p_set_address_widths
                0x080019f4       0x20 ./Core/Src/nrf24l01p.o
                0x080019f4                nrf24l01p_set_address_widths
 .text.nrf24l01p_auto_retransmit_count
                0x08001a14       0x36 ./Core/Src/nrf24l01p.o
                0x08001a14                nrf24l01p_auto_retransmit_count
 *fill*         0x08001a4a        0x2 
 .text.nrf24l01p_auto_retransmit_delay
                0x08001a4c       0x50 ./Core/Src/nrf24l01p.o
                0x08001a4c                nrf24l01p_auto_retransmit_delay
 .text.nrf24l01p_set_rf_channel
                0x08001a9c       0x26 ./Core/Src/nrf24l01p.o
                0x08001a9c                nrf24l01p_set_rf_channel
 .text.nrf24l01p_set_rf_tx_output_power
                0x08001ac2       0x3c ./Core/Src/nrf24l01p.o
                0x08001ac2                nrf24l01p_set_rf_tx_output_power
 .text.nrf24l01p_set_rf_air_data_rate
                0x08001afe       0x52 ./Core/Src/nrf24l01p.o
                0x08001afe                nrf24l01p_set_rf_air_data_rate
 .text.MX_SPI1_Init
                0x08001b50       0x6c ./Core/Src/spi.o
                0x08001b50                MX_SPI1_Init
 .text.HAL_SPI_MspInit
                0x08001bbc       0x94 ./Core/Src/spi.o
                0x08001bbc                HAL_SPI_MspInit
 .text.HAL_MspInit
                0x08001c50       0x64 ./Core/Src/stm32f1xx_hal_msp.o
                0x08001c50                HAL_MspInit
 .text.NMI_Handler
                0x08001cb4        0x8 ./Core/Src/stm32f1xx_it.o
                0x08001cb4                NMI_Handler
 .text.HardFault_Handler
                0x08001cbc        0x8 ./Core/Src/stm32f1xx_it.o
                0x08001cbc                HardFault_Handler
 .text.MemManage_Handler
                0x08001cc4        0x8 ./Core/Src/stm32f1xx_it.o
                0x08001cc4                MemManage_Handler
 .text.BusFault_Handler
                0x08001ccc        0x8 ./Core/Src/stm32f1xx_it.o
                0x08001ccc                BusFault_Handler
 .text.UsageFault_Handler
                0x08001cd4        0x8 ./Core/Src/stm32f1xx_it.o
                0x08001cd4                UsageFault_Handler
 .text.SVC_Handler
                0x08001cdc        0xc ./Core/Src/stm32f1xx_it.o
                0x08001cdc                SVC_Handler
 .text.DebugMon_Handler
                0x08001ce8        0xc ./Core/Src/stm32f1xx_it.o
                0x08001ce8                DebugMon_Handler
 .text.PendSV_Handler
                0x08001cf4        0xc ./Core/Src/stm32f1xx_it.o
                0x08001cf4                PendSV_Handler
 .text.SysTick_Handler
                0x08001d00        0xc ./Core/Src/stm32f1xx_it.o
                0x08001d00                SysTick_Handler
 .text.EXTI1_IRQHandler
                0x08001d0c        0xe ./Core/Src/stm32f1xx_it.o
                0x08001d0c                EXTI1_IRQHandler
 *fill*         0x08001d1a        0x2 
 .text.I2C1_EV_IRQHandler
                0x08001d1c       0x14 ./Core/Src/stm32f1xx_it.o
                0x08001d1c                I2C1_EV_IRQHandler
 .text.I2C1_ER_IRQHandler
                0x08001d30       0x14 ./Core/Src/stm32f1xx_it.o
                0x08001d30                I2C1_ER_IRQHandler
 .text.USART1_IRQHandler
                0x08001d44       0x14 ./Core/Src/stm32f1xx_it.o
                0x08001d44                USART1_IRQHandler
 .text.USART2_IRQHandler
                0x08001d58       0x14 ./Core/Src/stm32f1xx_it.o
                0x08001d58                USART2_IRQHandler
 .text.SystemInit
                0x08001d6c        0xc ./Core/Src/system_stm32f1xx.o
                0x08001d6c                SystemInit
 .text.MX_USART1_UART_Init
                0x08001d78       0x54 ./Core/Src/usart.o
                0x08001d78                MX_USART1_UART_Init
 .text.MX_USART2_UART_Init
                0x08001dcc       0x54 ./Core/Src/usart.o
                0x08001dcc                MX_USART2_UART_Init
 .text.HAL_UART_MspInit
                0x08001e20      0x148 ./Core/Src/usart.o
                0x08001e20                HAL_UART_MspInit
 .text.Reset_Handler
                0x08001f68       0x48 ./Core/Startup/startup_stm32f103c8tx.o
                0x08001f68                Reset_Handler
 .text.Default_Handler
                0x08001fb0        0x2 ./Core/Startup/startup_stm32f103c8tx.o
                0x08001fb0                RTC_Alarm_IRQHandler
                0x08001fb0                EXTI2_IRQHandler
                0x08001fb0                TIM1_CC_IRQHandler
                0x08001fb0                PVD_IRQHandler
                0x08001fb0                EXTI3_IRQHandler
                0x08001fb0                EXTI0_IRQHandler
                0x08001fb0                I2C2_EV_IRQHandler
                0x08001fb0                ADC1_2_IRQHandler
                0x08001fb0                SPI1_IRQHandler
                0x08001fb0                TAMPER_IRQHandler
                0x08001fb0                DMA1_Channel4_IRQHandler
                0x08001fb0                USART3_IRQHandler
                0x08001fb0                RTC_IRQHandler
                0x08001fb0                DMA1_Channel7_IRQHandler
                0x08001fb0                CAN1_RX1_IRQHandler
                0x08001fb0                TIM4_IRQHandler
                0x08001fb0                DMA1_Channel6_IRQHandler
                0x08001fb0                TIM3_IRQHandler
                0x08001fb0                RCC_IRQHandler
                0x08001fb0                TIM1_TRG_COM_IRQHandler
                0x08001fb0                DMA1_Channel1_IRQHandler
                0x08001fb0                Default_Handler
                0x08001fb0                EXTI15_10_IRQHandler
                0x08001fb0                EXTI9_5_IRQHandler
                0x08001fb0                SPI2_IRQHandler
                0x08001fb0                DMA1_Channel5_IRQHandler
                0x08001fb0                EXTI4_IRQHandler
                0x08001fb0                USB_LP_CAN1_RX0_IRQHandler
                0x08001fb0                USB_HP_CAN1_TX_IRQHandler
                0x08001fb0                DMA1_Channel3_IRQHandler
                0x08001fb0                TIM1_UP_IRQHandler
                0x08001fb0                WWDG_IRQHandler
                0x08001fb0                TIM2_IRQHandler
                0x08001fb0                TIM1_BRK_IRQHandler
                0x08001fb0                I2C2_ER_IRQHandler
                0x08001fb0                DMA1_Channel2_IRQHandler
                0x08001fb0                CAN1_SCE_IRQHandler
                0x08001fb0                FLASH_IRQHandler
                0x08001fb0                USBWakeUp_IRQHandler
 *fill*         0x08001fb2        0x2 
 .text.HAL_Init
                0x08001fb4       0x2c ./Drivers/STM32F1xx_HAL_Driver/Src/stm32f1xx_hal.o
                0x08001fb4                HAL_Init
 .text.HAL_InitTick
                0x08001fe0       0x60 ./Drivers/STM32F1xx_HAL_Driver/Src/stm32f1xx_hal.o
                0x08001fe0                HAL_InitTick
 .text.HAL_IncTick
                0x08002040       0x24 ./Drivers/STM32F1xx_HAL_Driver/Src/stm32f1xx_hal.o
                0x08002040                HAL_IncTick
 .text.HAL_GetTick
                0x08002064       0x14 ./Drivers/STM32F1xx_HAL_Driver/Src/stm32f1xx_hal.o
                0x08002064                HAL_GetTick
 .text.HAL_Delay
                0x08002078       0x48 ./Drivers/STM32F1xx_HAL_Driver/Src/stm32f1xx_hal.o
                0x08002078                HAL_Delay
 .text.__NVIC_SetPriorityGrouping
                0x080020c0       0x48 ./Drivers/STM32F1xx_HAL_Driver/Src/stm32f1xx_hal_cortex.o
 .text.__NVIC_GetPriorityGrouping
                0x08002108       0x1c ./Drivers/STM32F1xx_HAL_Driver/Src/stm32f1xx_hal_cortex.o
 .text.__NVIC_EnableIRQ
                0x08002124       0x38 ./Drivers/STM32F1xx_HAL_Driver/Src/stm32f1xx_hal_cortex.o
 .text.__NVIC_SetPriority
                0x0800215c       0x54 ./Drivers/STM32F1xx_HAL_Driver/Src/stm32f1xx_hal_cortex.o
 .text.NVIC_EncodePriority
                0x080021b0       0x64 ./Drivers/STM32F1xx_HAL_Driver/Src/stm32f1xx_hal_cortex.o
 .text.SysTick_Config
                0x08002214       0x44 ./Drivers/STM32F1xx_HAL_Driver/Src/stm32f1xx_hal_cortex.o
 .text.HAL_NVIC_SetPriorityGrouping
                0x08002258       0x16 ./Drivers/STM32F1xx_HAL_Driver/Src/stm32f1xx_hal_cortex.o
                0x08002258                HAL_NVIC_SetPriorityGrouping
 .text.HAL_NVIC_SetPriority
                0x0800226e       0x38 ./Drivers/STM32F1xx_HAL_Driver/Src/stm32f1xx_hal_cortex.o
                0x0800226e                HAL_NVIC_SetPriority
 .text.HAL_NVIC_EnableIRQ
                0x080022a6       0x1c ./Drivers/STM32F1xx_HAL_Driver/Src/stm32f1xx_hal_cortex.o
                0x080022a6                HAL_NVIC_EnableIRQ
 .text.HAL_SYSTICK_Config
                0x080022c2       0x18 ./Drivers/STM32F1xx_HAL_Driver/Src/stm32f1xx_hal_cortex.o
                0x080022c2                HAL_SYSTICK_Config
 .text.HAL_DMA_Abort
                0x080022da       0x76 ./Drivers/STM32F1xx_HAL_Driver/Src/stm32f1xx_hal_dma.o
                0x080022da                HAL_DMA_Abort
 .text.HAL_DMA_Abort_IT
                0x08002350       0xf0 ./Drivers/STM32F1xx_HAL_Driver/Src/stm32f1xx_hal_dma.o
                0x08002350                HAL_DMA_Abort_IT
 .text.HAL_DMA_GetState
                0x08002440       0x1a ./Drivers/STM32F1xx_HAL_Driver/Src/stm32f1xx_hal_dma.o
                0x08002440                HAL_DMA_GetState
 *fill*         0x0800245a        0x2 
 .text.HAL_GPIO_Init
                0x0800245c      0x308 ./Drivers/STM32F1xx_HAL_Driver/Src/stm32f1xx_hal_gpio.o
                0x0800245c                HAL_GPIO_Init
 .text.HAL_GPIO_WritePin
                0x08002764       0x30 ./Drivers/STM32F1xx_HAL_Driver/Src/stm32f1xx_hal_gpio.o
                0x08002764                HAL_GPIO_WritePin
 .text.HAL_GPIO_TogglePin
                0x08002794       0x32 ./Drivers/STM32F1xx_HAL_Driver/Src/stm32f1xx_hal_gpio.o
                0x08002794                HAL_GPIO_TogglePin
 *fill*         0x080027c6        0x2 
 .text.HAL_GPIO_EXTI_IRQHandler
                0x080027c8       0x30 ./Drivers/STM32F1xx_HAL_Driver/Src/stm32f1xx_hal_gpio.o
                0x080027c8                HAL_GPIO_EXTI_IRQHandler
 .text.HAL_I2C_Init
                0x080027f8      0x288 ./Drivers/STM32F1xx_HAL_Driver/Src/stm32f1xx_hal_i2c.o
                0x080027f8                HAL_I2C_Init
 .text.I2C_Flush_DR
                0x08002a80       0x28 ./Drivers/STM32F1xx_HAL_Driver/Src/stm32f1xx_hal_i2c.o
 .text.HAL_I2C_Master_Transmit
                0x08002aa8      0x1fc ./Drivers/STM32F1xx_HAL_Driver/Src/stm32f1xx_hal_i2c.o
                0x08002aa8                HAL_I2C_Master_Transmit
 .text.HAL_I2C_Master_Receive
                0x08002ca4      0x4d8 ./Drivers/STM32F1xx_HAL_Driver/Src/stm32f1xx_hal_i2c.o
                0x08002ca4                HAL_I2C_Master_Receive
 .text.HAL_I2C_IsDeviceReady
                0x0800317c      0x25c ./Drivers/STM32F1xx_HAL_Driver/Src/stm32f1xx_hal_i2c.o
                0x0800317c                HAL_I2C_IsDeviceReady
 .text.HAL_I2C_EV_IRQHandler
                0x080033d8      0x2e2 ./Drivers/STM32F1xx_HAL_Driver/Src/stm32f1xx_hal_i2c.o
                0x080033d8                HAL_I2C_EV_IRQHandler
 .text.HAL_I2C_ER_IRQHandler
                0x080036ba      0x15e ./Drivers/STM32F1xx_HAL_Driver/Src/stm32f1xx_hal_i2c.o
                0x080036ba                HAL_I2C_ER_IRQHandler
 .text.HAL_I2C_MasterTxCpltCallback
                0x08003818       0x12 ./Drivers/STM32F1xx_HAL_Driver/Src/stm32f1xx_hal_i2c.o
                0x08003818                HAL_I2C_MasterTxCpltCallback
 .text.HAL_I2C_MasterRxCpltCallback
                0x0800382a       0x12 ./Drivers/STM32F1xx_HAL_Driver/Src/stm32f1xx_hal_i2c.o
                0x0800382a                HAL_I2C_MasterRxCpltCallback
 .text.HAL_I2C_SlaveTxCpltCallback
                0x0800383c       0x12 ./Drivers/STM32F1xx_HAL_Driver/Src/stm32f1xx_hal_i2c.o
                0x0800383c                HAL_I2C_SlaveTxCpltCallback
 .text.HAL_I2C_SlaveRxCpltCallback
                0x0800384e       0x12 ./Drivers/STM32F1xx_HAL_Driver/Src/stm32f1xx_hal_i2c.o
                0x0800384e                HAL_I2C_SlaveRxCpltCallback
 .text.HAL_I2C_AddrCallback
                0x08003860       0x1a ./Drivers/STM32F1xx_HAL_Driver/Src/stm32f1xx_hal_i2c.o
                0x08003860                HAL_I2C_AddrCallback
 .text.HAL_I2C_ListenCpltCallback
                0x0800387a       0x12 ./Drivers/STM32F1xx_HAL_Driver/Src/stm32f1xx_hal_i2c.o
                0x0800387a                HAL_I2C_ListenCpltCallback
 .text.HAL_I2C_MemTxCpltCallback
                0x0800388c       0x12 ./Drivers/STM32F1xx_HAL_Driver/Src/stm32f1xx_hal_i2c.o
                0x0800388c                HAL_I2C_MemTxCpltCallback
 .text.HAL_I2C_MemRxCpltCallback
                0x0800389e       0x12 ./Drivers/STM32F1xx_HAL_Driver/Src/stm32f1xx_hal_i2c.o
                0x0800389e                HAL_I2C_MemRxCpltCallback
 .text.HAL_I2C_ErrorCallback
                0x080038b0       0x12 ./Drivers/STM32F1xx_HAL_Driver/Src/stm32f1xx_hal_i2c.o
                0x080038b0                HAL_I2C_ErrorCallback
 .text.HAL_I2C_AbortCpltCallback
                0x080038c2       0x12 ./Drivers/STM32F1xx_HAL_Driver/Src/stm32f1xx_hal_i2c.o
                0x080038c2                HAL_I2C_AbortCpltCallback
 .text.I2C_MasterTransmit_TXE
                0x080038d4      0x138 ./Drivers/STM32F1xx_HAL_Driver/Src/stm32f1xx_hal_i2c.o
 .text.I2C_MasterTransmit_BTF
                0x08003a0c       0xec ./Drivers/STM32F1xx_HAL_Driver/Src/stm32f1xx_hal_i2c.o
 .text.I2C_MemoryTransmit_TXE_BTF
                0x08003af8      0x130 ./Drivers/STM32F1xx_HAL_Driver/Src/stm32f1xx_hal_i2c.o
 .text.I2C_MasterReceive_RXNE
                0x08003c28      0x190 ./Drivers/STM32F1xx_HAL_Driver/Src/stm32f1xx_hal_i2c.o
 .text.I2C_MasterReceive_BTF
                0x08003db8      0x1e2 ./Drivers/STM32F1xx_HAL_Driver/Src/stm32f1xx_hal_i2c.o
 .text.I2C_Master_SB
                0x08003f9a      0x10a ./Drivers/STM32F1xx_HAL_Driver/Src/stm32f1xx_hal_i2c.o
 .text.I2C_Master_ADD10
                0x080040a4       0x52 ./Drivers/STM32F1xx_HAL_Driver/Src/stm32f1xx_hal_i2c.o
 .text.I2C_Master_ADDR
                0x080040f6      0x336 ./Drivers/STM32F1xx_HAL_Driver/Src/stm32f1xx_hal_i2c.o
 .text.I2C_SlaveTransmit_TXE
                0x0800442c       0x7a ./Drivers/STM32F1xx_HAL_Driver/Src/stm32f1xx_hal_i2c.o
 .text.I2C_SlaveTransmit_BTF
                0x080044a6       0x40 ./Drivers/STM32F1xx_HAL_Driver/Src/stm32f1xx_hal_i2c.o
 .text.I2C_SlaveReceive_RXNE
                0x080044e6       0x7c ./Drivers/STM32F1xx_HAL_Driver/Src/stm32f1xx_hal_i2c.o
 .text.I2C_SlaveReceive_BTF
                0x08004562       0x42 ./Drivers/STM32F1xx_HAL_Driver/Src/stm32f1xx_hal_i2c.o
 .text.I2C_Slave_ADDR
                0x080045a4       0x94 ./Drivers/STM32F1xx_HAL_Driver/Src/stm32f1xx_hal_i2c.o
 .text.I2C_Slave_STOPF
                0x08004638      0x260 ./Drivers/STM32F1xx_HAL_Driver/Src/stm32f1xx_hal_i2c.o
 .text.I2C_Slave_AF
                0x08004898       0xe8 ./Drivers/STM32F1xx_HAL_Driver/Src/stm32f1xx_hal_i2c.o
 .text.I2C_ITError
                0x08004980      0x264 ./Drivers/STM32F1xx_HAL_Driver/Src/stm32f1xx_hal_i2c.o
 .text.I2C_MasterRequestWrite
                0x08004be4      0x104 ./Drivers/STM32F1xx_HAL_Driver/Src/stm32f1xx_hal_i2c.o
 .text.I2C_MasterRequestRead
                0x08004ce8      0x19c ./Drivers/STM32F1xx_HAL_Driver/Src/stm32f1xx_hal_i2c.o
 .text.I2C_DMAAbort
                0x08004e84      0x150 ./Drivers/STM32F1xx_HAL_Driver/Src/stm32f1xx_hal_i2c.o
 .text.I2C_WaitOnFlagUntilTimeout
                0x08004fd4       0xf4 ./Drivers/STM32F1xx_HAL_Driver/Src/stm32f1xx_hal_i2c.o
 .text.I2C_WaitOnMasterAddressFlagUntilTimeout
                0x080050c8      0x140 ./Drivers/STM32F1xx_HAL_Driver/Src/stm32f1xx_hal_i2c.o
 .text.I2C_WaitOnTXEFlagUntilTimeout
                0x08005208       0x90 ./Drivers/STM32F1xx_HAL_Driver/Src/stm32f1xx_hal_i2c.o
 .text.I2C_WaitOnBTFFlagUntilTimeout
                0x08005298       0x90 ./Drivers/STM32F1xx_HAL_Driver/Src/stm32f1xx_hal_i2c.o
 .text.I2C_WaitOnSTOPRequestThroughIT
                0x08005328       0x64 ./Drivers/STM32F1xx_HAL_Driver/Src/stm32f1xx_hal_i2c.o
 .text.I2C_WaitOnRXNEFlagUntilTimeout
                0x0800538c       0xba ./Drivers/STM32F1xx_HAL_Driver/Src/stm32f1xx_hal_i2c.o
 .text.I2C_IsAcknowledgeFailed
                0x08005446       0x5c ./Drivers/STM32F1xx_HAL_Driver/Src/stm32f1xx_hal_i2c.o
 .text.I2C_ConvertOtherXferOptions
                0x080054a2       0x34 ./Drivers/STM32F1xx_HAL_Driver/Src/stm32f1xx_hal_i2c.o
 *fill*         0x080054d6        0x2 
 .text.HAL_RCC_OscConfig
                0x080054d8      0x504 ./Drivers/STM32F1xx_HAL_Driver/Src/stm32f1xx_hal_rcc.o
                0x080054d8                HAL_RCC_OscConfig
 .text.HAL_RCC_ClockConfig
                0x080059dc      0x1d4 ./Drivers/STM32F1xx_HAL_Driver/Src/stm32f1xx_hal_rcc.o
                0x080059dc                HAL_RCC_ClockConfig
 .text.HAL_RCC_GetSysClockFreq
                0x08005bb0       0xa8 ./Drivers/STM32F1xx_HAL_Driver/Src/stm32f1xx_hal_rcc.o
                0x08005bb0                HAL_RCC_GetSysClockFreq
 .text.HAL_RCC_GetHCLKFreq
                0x08005c58       0x14 ./Drivers/STM32F1xx_HAL_Driver/Src/stm32f1xx_hal_rcc.o
                0x08005c58                HAL_RCC_GetHCLKFreq
 .text.HAL_RCC_GetPCLK1Freq
                0x08005c6c       0x28 ./Drivers/STM32F1xx_HAL_Driver/Src/stm32f1xx_hal_rcc.o
                0x08005c6c                HAL_RCC_GetPCLK1Freq
 .text.HAL_RCC_GetPCLK2Freq
                0x08005c94       0x28 ./Drivers/STM32F1xx_HAL_Driver/Src/stm32f1xx_hal_rcc.o
                0x08005c94                HAL_RCC_GetPCLK2Freq
 .text.RCC_Delay
                0x08005cbc       0x3c ./Drivers/STM32F1xx_HAL_Driver/Src/stm32f1xx_hal_rcc.o
 .text.HAL_SPI_Init
                0x08005cf8      0x108 ./Drivers/STM32F1xx_HAL_Driver/Src/stm32f1xx_hal_spi.o
                0x08005cf8                HAL_SPI_Init
 .text.HAL_SPI_Transmit
                0x08005e00      0x288 ./Drivers/STM32F1xx_HAL_Driver/Src/stm32f1xx_hal_spi.o
                0x08005e00                HAL_SPI_Transmit
 .text.HAL_SPI_Receive
                0x08006088      0x232 ./Drivers/STM32F1xx_HAL_Driver/Src/stm32f1xx_hal_spi.o
                0x08006088                HAL_SPI_Receive
 .text.HAL_SPI_TransmitReceive
                0x080062ba      0x352 ./Drivers/STM32F1xx_HAL_Driver/Src/stm32f1xx_hal_spi.o
                0x080062ba                HAL_SPI_TransmitReceive
 .text.SPI_WaitFlagStateUntilTimeout
                0x0800660c      0x110 ./Drivers/STM32F1xx_HAL_Driver/Src/stm32f1xx_hal_spi.o
 .text.SPI_EndRxTransaction
                0x0800671c       0xa4 ./Drivers/STM32F1xx_HAL_Driver/Src/stm32f1xx_hal_spi.o
 .text.SPI_EndRxTxTransaction
                0x080067c0       0x62 ./Drivers/STM32F1xx_HAL_Driver/Src/stm32f1xx_hal_spi.o
 .text.HAL_UART_Init
                0x08006822       0xa0 ./Drivers/STM32F1xx_HAL_Driver/Src/stm32f1xx_hal_uart.o
                0x08006822                HAL_UART_Init
 .text.HAL_UART_Transmit_IT
                0x080068c2       0x6a ./Drivers/STM32F1xx_HAL_Driver/Src/stm32f1xx_hal_uart.o
                0x080068c2                HAL_UART_Transmit_IT
 .text.HAL_UART_Receive_IT
                0x0800692c       0x4a ./Drivers/STM32F1xx_HAL_Driver/Src/stm32f1xx_hal_uart.o
                0x0800692c                HAL_UART_Receive_IT
 *fill*         0x08006976        0x2 
 .text.HAL_UART_IRQHandler
                0x08006978      0x524 ./Drivers/STM32F1xx_HAL_Driver/Src/stm32f1xx_hal_uart.o
                0x08006978                HAL_UART_IRQHandler
 .text.HAL_UART_TxCpltCallback
                0x08006e9c       0x12 ./Drivers/STM32F1xx_HAL_Driver/Src/stm32f1xx_hal_uart.o
                0x08006e9c                HAL_UART_TxCpltCallback
 .text.HAL_UART_ErrorCallback
                0x08006eae       0x12 ./Drivers/STM32F1xx_HAL_Driver/Src/stm32f1xx_hal_uart.o
                0x08006eae                HAL_UART_ErrorCallback
 .text.HAL_UARTEx_RxEventCallback
                0x08006ec0       0x16 ./Drivers/STM32F1xx_HAL_Driver/Src/stm32f1xx_hal_uart.o
                0x08006ec0                HAL_UARTEx_RxEventCallback
 .text.UART_Start_Receive_IT
                0x08006ed6       0x72 ./Drivers/STM32F1xx_HAL_Driver/Src/stm32f1xx_hal_uart.o
                0x08006ed6                UART_Start_Receive_IT
 .text.UART_EndRxTransfer
                0x08006f48       0xc4 ./Drivers/STM32F1xx_HAL_Driver/Src/stm32f1xx_hal_uart.o
 .text.UART_DMAAbortOnError
                0x0800700c       0x28 ./Drivers/STM32F1xx_HAL_Driver/Src/stm32f1xx_hal_uart.o
 .text.UART_Transmit_IT
                0x08007034       0x9e ./Drivers/STM32F1xx_HAL_Driver/Src/stm32f1xx_hal_uart.o
 .text.UART_EndTransmit_IT
                0x080070d2       0x30 ./Drivers/STM32F1xx_HAL_Driver/Src/stm32f1xx_hal_uart.o
 .text.UART_Receive_IT
                0x08007102      0x17c ./Drivers/STM32F1xx_HAL_Driver/Src/stm32f1xx_hal_uart.o
 *fill*         0x0800727e        0x2 
 .text.UART_SetConfig
                0x08007280      0x11c ./Drivers/STM32F1xx_HAL_Driver/Src/stm32f1xx_hal_uart.o
 .text.memset   0x0800739c       0x10 C:/ST/STM32CubeIDE_1.18.1/STM32CubeIDE/plugins/com.st.stm32cube.ide.mcu.externaltools.gnu-tools-for-stm32.13.3.rel1.win32_1.0.0.202411081344/tools/bin/../lib/gcc/arm-none-eabi/13.3.1/../../../../arm-none-eabi/lib/thumb/v7-m/nofp\libc_nano.a(libc_a-memset.o)
                0x0800739c                memset
 .text.__libc_init_array
                0x080073ac       0x48 C:/ST/STM32CubeIDE_1.18.1/STM32CubeIDE/plugins/com.st.stm32cube.ide.mcu.externaltools.gnu-tools-for-stm32.13.3.rel1.win32_1.0.0.202411081344/tools/bin/../lib/gcc/arm-none-eabi/13.3.1/../../../../arm-none-eabi/lib/thumb/v7-m/nofp\libc_nano.a(libc_a-init.o)
                0x080073ac                __libc_init_array
 *(.glue_7)
 .glue_7        0x080073f4        0x0 linker stubs
 *(.glue_7t)
 .glue_7t       0x080073f4        0x0 linker stubs
 *(.eh_frame)
 .eh_frame      0x080073f4        0x0 C:/ST/STM32CubeIDE_1.18.1/STM32CubeIDE/plugins/com.st.stm32cube.ide.mcu.externaltools.gnu-tools-for-stm32.13.3.rel1.win32_1.0.0.202411081344/tools/bin/../lib/gcc/arm-none-eabi/13.3.1/thumb/v7-m/nofp/crtbegin.o
 *(.init)
 .init          0x080073f4        0x4 C:/ST/STM32CubeIDE_1.18.1/STM32CubeIDE/plugins/com.st.stm32cube.ide.mcu.externaltools.gnu-tools-for-stm32.13.3.rel1.win32_1.0.0.202411081344/tools/bin/../lib/gcc/arm-none-eabi/13.3.1/thumb/v7-m/nofp/crti.o
                0x080073f4                _init
 .init          0x080073f8        0x8 C:/ST/STM32CubeIDE_1.18.1/STM32CubeIDE/plugins/com.st.stm32cube.ide.mcu.externaltools.gnu-tools-for-stm32.13.3.rel1.win32_1.0.0.202411081344/tools/bin/../lib/gcc/arm-none-eabi/13.3.1/thumb/v7-m/nofp/crtn.o
 *(.fini)
 .fini          0x08007400        0x4 C:/ST/STM32CubeIDE_1.18.1/STM32CubeIDE/plugins/com.st.stm32cube.ide.mcu.externaltools.gnu-tools-for-stm32.13.3.rel1.win32_1.0.0.202411081344/tools/bin/../lib/gcc/arm-none-eabi/13.3.1/thumb/v7-m/nofp/crti.o
                0x08007400                _fini
 .fini          0x08007404        0x8 C:/ST/STM32CubeIDE_1.18.1/STM32CubeIDE/plugins/com.st.stm32cube.ide.mcu.externaltools.gnu-tools-for-stm32.13.3.rel1.win32_1.0.0.202411081344/tools/bin/../lib/gcc/arm-none-eabi/13.3.1/thumb/v7-m/nofp/crtn.o
                0x0800740c                        . = ALIGN (0x4)
                0x0800740c                        _etext = .

.vfp11_veneer   0x0800740c        0x0
 .vfp11_veneer  0x0800740c        0x0 linker stubs

.v4_bx          0x0800740c        0x0
 .v4_bx         0x0800740c        0x0 linker stubs

.iplt           0x0800740c        0x0
 .iplt          0x0800740c        0x0 C:/ST/STM32CubeIDE_1.18.1/STM32CubeIDE/plugins/com.st.stm32cube.ide.mcu.externaltools.gnu-tools-for-stm32.13.3.rel1.win32_1.0.0.202411081344/tools/bin/../lib/gcc/arm-none-eabi/13.3.1/thumb/v7-m/nofp/crtbegin.o

.rodata         0x0800740c       0x34
                0x0800740c                        . = ALIGN (0x4)
 *(.rodata)
 .rodata        0x0800740c        0x7 ./Core/Src/main.o
 *(.rodata*)
 *fill*         0x08007413        0x1 
 .rodata.AHBPrescTable
                0x08007414       0x10 ./Core/Src/system_stm32f1xx.o
                0x08007414                AHBPrescTable
 .rodata.APBPrescTable
                0x08007424        0x8 ./Core/Src/system_stm32f1xx.o
                0x08007424                APBPrescTable
 .rodata.aPLLMULFactorTable.1
                0x0800742c       0x10 ./Drivers/STM32F1xx_HAL_Driver/Src/stm32f1xx_hal_rcc.o
 .rodata.aPredivFactorTable.0
                0x0800743c        0x2 ./Drivers/STM32F1xx_HAL_Driver/Src/stm32f1xx_hal_rcc.o
                0x08007440                        . = ALIGN (0x4)
 *fill*         0x0800743e        0x2 

.ARM.extab      0x08007440        0x0
                0x08007440                        . = ALIGN (0x4)
 *(.ARM.extab* .gnu.linkonce.armextab.*)
                0x08007440                        . = ALIGN (0x4)

.ARM            0x08007440        0x0
                0x08007440                        . = ALIGN (0x4)
                0x08007440                        __exidx_start = .
 *(.ARM.exidx*)
                0x08007440                        __exidx_end = .
                0x08007440                        . = ALIGN (0x4)

.preinit_array  0x08007440        0x0
                0x08007440                        . = ALIGN (0x4)
                0x08007440                        PROVIDE (__preinit_array_start = .)
 *(.preinit_array*)
                0x08007440                        PROVIDE (__preinit_array_end = .)
                0x08007440                        . = ALIGN (0x4)

.init_array     0x08007440        0x4
                0x08007440                        . = ALIGN (0x4)
                0x08007440                        PROVIDE (__init_array_start = .)
 *(SORT_BY_NAME(.init_array.*))
 *(.init_array*)
 .init_array    0x08007440        0x4 C:/ST/STM32CubeIDE_1.18.1/STM32CubeIDE/plugins/com.st.stm32cube.ide.mcu.externaltools.gnu-tools-for-stm32.13.3.rel1.win32_1.0.0.202411081344/tools/bin/../lib/gcc/arm-none-eabi/13.3.1/thumb/v7-m/nofp/crtbegin.o
                0x08007444                        PROVIDE (__init_array_end = .)
                0x08007444                        . = ALIGN (0x4)

.fini_array     0x08007444        0x4
                0x08007444                        . = ALIGN (0x4)
                [!provide]                        PROVIDE (__fini_array_start = .)
 *(SORT_BY_NAME(.fini_array.*))
 *(.fini_array*)
 .fini_array    0x08007444        0x4 C:/ST/STM32CubeIDE_1.18.1/STM32CubeIDE/plugins/com.st.stm32cube.ide.mcu.externaltools.gnu-tools-for-stm32.13.3.rel1.win32_1.0.0.202411081344/tools/bin/../lib/gcc/arm-none-eabi/13.3.1/thumb/v7-m/nofp/crtbegin.o
                [!provide]                        PROVIDE (__fini_array_end = .)
                0x08007448                        . = ALIGN (0x4)
                0x08007448                        _sidata = LOADADDR (.data)

.rel.dyn        0x08007448        0x0
 .rel.iplt      0x08007448        0x0 C:/ST/STM32CubeIDE_1.18.1/STM32CubeIDE/plugins/com.st.stm32cube.ide.mcu.externaltools.gnu-tools-for-stm32.13.3.rel1.win32_1.0.0.202411081344/tools/bin/../lib/gcc/arm-none-eabi/13.3.1/thumb/v7-m/nofp/crtbegin.o

.data           0x20000000        0xc load address 0x08007448
                0x20000000                        . = ALIGN (0x4)
                0x20000000                        _sdata = .
 *(.data)
 *(.data*)
 .data.SystemCoreClock
                0x20000000        0x4 ./Core/Src/system_stm32f1xx.o
                0x20000000                SystemCoreClock
 .data.uwTickPrio
                0x20000004        0x4 ./Drivers/STM32F1xx_HAL_Driver/Src/stm32f1xx_hal.o
                0x20000004                uwTickPrio
 .data.uwTickFreq
                0x20000008        0x1 ./Drivers/STM32F1xx_HAL_Driver/Src/stm32f1xx_hal.o
                0x20000008                uwTickFreq
 *(.RamFunc)
 *(.RamFunc*)
                0x2000000c                        . = ALIGN (0x4)
 *fill*         0x20000009        0x3 
                0x2000000c                        _edata = .

.igot.plt       0x2000000c        0x0 load address 0x08007454
 .igot.plt      0x2000000c        0x0 C:/ST/STM32CubeIDE_1.18.1/STM32CubeIDE/plugins/com.st.stm32cube.ide.mcu.externaltools.gnu-tools-for-stm32.13.3.rel1.win32_1.0.0.202411081344/tools/bin/../lib/gcc/arm-none-eabi/13.3.1/thumb/v7-m/nofp/crtbegin.o
                0x2000000c                        . = ALIGN (0x4)

.bss            0x2000000c      0x184 load address 0x08007454
                0x2000000c                        _sbss = .
                0x2000000c                        __bss_start__ = _sbss
 *(.bss)
 .bss           0x2000000c       0x1c C:/ST/STM32CubeIDE_1.18.1/STM32CubeIDE/plugins/com.st.stm32cube.ide.mcu.externaltools.gnu-tools-for-stm32.13.3.rel1.win32_1.0.0.202411081344/tools/bin/../lib/gcc/arm-none-eabi/13.3.1/thumb/v7-m/nofp/crtbegin.o
 *(.bss*)
 .bss.hi2c1     0x20000028       0x54 ./Core/Src/i2c.o
                0x20000028                hi2c1
 .bss.rx_buff   0x2000007c        0x1 ./Core/Src/main.o
                0x2000007c                rx_buff
 *fill*         0x2000007d        0x3 
 .bss.rx_data   0x20000080        0xc ./Core/Src/main.o
                0x20000080                rx_data
 .bss.led       0x2000008c        0x1 ./Core/Src/main.o
                0x2000008c                led
 *fill*         0x2000008d        0x1 
 .bss.ledTimer  0x2000008e        0x2 ./Core/Src/main.o
                0x2000008e                ledTimer
 .bss.voltageSent
                0x20000090        0x2 ./Core/Src/main.o
                0x20000090                voltageSent
 *fill*         0x20000092        0x2 
 .bss.myMCP4725
                0x20000094       0x10 ./Core/Src/main.o
                0x20000094                myMCP4725
 .bss.hspi1     0x200000a4       0x58 ./Core/Src/spi.o
                0x200000a4                hspi1
 .bss.huart1    0x200000fc       0x48 ./Core/Src/usart.o
                0x200000fc                huart1
 .bss.huart2    0x20000144       0x48 ./Core/Src/usart.o
                0x20000144                huart2
 .bss.uwTick    0x2000018c        0x4 ./Drivers/STM32F1xx_HAL_Driver/Src/stm32f1xx_hal.o
                0x2000018c                uwTick
 *(COMMON)
                0x20000190                        . = ALIGN (0x4)
                0x20000190                        _ebss = .
                0x20000190                        __bss_end__ = _ebss

._user_heap_stack
                0x20000190      0x600 load address 0x08007454
                0x20000190                        . = ALIGN (0x8)
                [!provide]                        PROVIDE (end = .)
                0x20000190                        PROVIDE (_end = .)
                0x20000390                        . = (. + _Min_Heap_Size)
 *fill*         0x20000190      0x200 
                0x20000790                        . = (. + _Min_Stack_Size)
 *fill*         0x20000390      0x400 
                0x20000790                        . = ALIGN (0x8)

/DISCARD/
 libc.a(*)
 libm.a(*)
 libgcc.a(*)

.ARM.attributes
                0x00000000       0x29
 *(.ARM.attributes)
 .ARM.attributes
                0x00000000       0x1d C:/ST/STM32CubeIDE_1.18.1/STM32CubeIDE/plugins/com.st.stm32cube.ide.mcu.externaltools.gnu-tools-for-stm32.13.3.rel1.win32_1.0.0.202411081344/tools/bin/../lib/gcc/arm-none-eabi/13.3.1/thumb/v7-m/nofp/crti.o
 .ARM.attributes
                0x0000001d       0x2d C:/ST/STM32CubeIDE_1.18.1/STM32CubeIDE/plugins/com.st.stm32cube.ide.mcu.externaltools.gnu-tools-for-stm32.13.3.rel1.win32_1.0.0.202411081344/tools/bin/../lib/gcc/arm-none-eabi/13.3.1/thumb/v7-m/nofp/crtbegin.o
 .ARM.attributes
                0x0000004a       0x2d ./Core/Src/MCP4725.o
 .ARM.attributes
                0x00000077       0x2d ./Core/Src/gpio.o
 .ARM.attributes
                0x000000a4       0x2d ./Core/Src/i2c.o
 .ARM.attributes
                0x000000d1       0x2d ./Core/Src/main.o
 .ARM.attributes
                0x000000fe       0x2d ./Core/Src/nrf24l01p.o
 .ARM.attributes
                0x0000012b       0x2d ./Core/Src/spi.o
 .ARM.attributes
                0x00000158       0x2d ./Core/Src/stm32f1xx_hal_msp.o
 .ARM.attributes
                0x00000185       0x2d ./Core/Src/stm32f1xx_it.o
 .ARM.attributes
                0x000001b2       0x2d ./Core/Src/system_stm32f1xx.o
 .ARM.attributes
                0x000001df       0x2d ./Core/Src/usart.o
 .ARM.attributes
                0x0000020c       0x21 ./Core/Startup/startup_stm32f103c8tx.o
 .ARM.attributes
                0x0000022d       0x2d ./Drivers/STM32F1xx_HAL_Driver/Src/stm32f1xx_hal.o
 .ARM.attributes
                0x0000025a       0x2d ./Drivers/STM32F1xx_HAL_Driver/Src/stm32f1xx_hal_cortex.o
 .ARM.attributes
                0x00000287       0x2d ./Drivers/STM32F1xx_HAL_Driver/Src/stm32f1xx_hal_dma.o
 .ARM.attributes
                0x000002b4       0x2d ./Drivers/STM32F1xx_HAL_Driver/Src/stm32f1xx_hal_gpio.o
 .ARM.attributes
                0x000002e1       0x2d ./Drivers/STM32F1xx_HAL_Driver/Src/stm32f1xx_hal_i2c.o
 .ARM.attributes
                0x0000030e       0x2d ./Drivers/STM32F1xx_HAL_Driver/Src/stm32f1xx_hal_rcc.o
 .ARM.attributes
                0x0000033b       0x2d ./Drivers/STM32F1xx_HAL_Driver/Src/stm32f1xx_hal_spi.o
 .ARM.attributes
                0x00000368       0x2d ./Drivers/STM32F1xx_HAL_Driver/Src/stm32f1xx_hal_uart.o
 .ARM.attributes
                0x00000395       0x2d C:/ST/STM32CubeIDE_1.18.1/STM32CubeIDE/plugins/com.st.stm32cube.ide.mcu.externaltools.gnu-tools-for-stm32.13.3.rel1.win32_1.0.0.202411081344/tools/bin/../lib/gcc/arm-none-eabi/13.3.1/../../../../arm-none-eabi/lib/thumb/v7-m/nofp\libc_nano.a(libc_a-memset.o)
 .ARM.attributes
                0x000003c2       0x2d C:/ST/STM32CubeIDE_1.18.1/STM32CubeIDE/plugins/com.st.stm32cube.ide.mcu.externaltools.gnu-tools-for-stm32.13.3.rel1.win32_1.0.0.202411081344/tools/bin/../lib/gcc/arm-none-eabi/13.3.1/../../../../arm-none-eabi/lib/thumb/v7-m/nofp\libc_nano.a(libc_a-init.o)
 .ARM.attributes
                0x000003ef       0x1d C:/ST/STM32CubeIDE_1.18.1/STM32CubeIDE/plugins/com.st.stm32cube.ide.mcu.externaltools.gnu-tools-for-stm32.13.3.rel1.win32_1.0.0.202411081344/tools/bin/../lib/gcc/arm-none-eabi/13.3.1/thumb/v7-m/nofp\libgcc.a(_arm_addsubdf3.o)
 .ARM.attributes
                0x0000040c       0x1d C:/ST/STM32CubeIDE_1.18.1/STM32CubeIDE/plugins/com.st.stm32cube.ide.mcu.externaltools.gnu-tools-for-stm32.13.3.rel1.win32_1.0.0.202411081344/tools/bin/../lib/gcc/arm-none-eabi/13.3.1/thumb/v7-m/nofp\libgcc.a(_arm_muldivdf3.o)
 .ARM.attributes
                0x00000429       0x1d C:/ST/STM32CubeIDE_1.18.1/STM32CubeIDE/plugins/com.st.stm32cube.ide.mcu.externaltools.gnu-tools-for-stm32.13.3.rel1.win32_1.0.0.202411081344/tools/bin/../lib/gcc/arm-none-eabi/13.3.1/thumb/v7-m/nofp\libgcc.a(_arm_fixunsdfsi.o)
 .ARM.attributes
                0x00000446       0x1d C:/ST/STM32CubeIDE_1.18.1/STM32CubeIDE/plugins/com.st.stm32cube.ide.mcu.externaltools.gnu-tools-for-stm32.13.3.rel1.win32_1.0.0.202411081344/tools/bin/../lib/gcc/arm-none-eabi/13.3.1/thumb/v7-m/nofp\libgcc.a(_arm_muldivsf3.o)
 .ARM.attributes
                0x00000463       0x1d C:/ST/STM32CubeIDE_1.18.1/STM32CubeIDE/plugins/com.st.stm32cube.ide.mcu.externaltools.gnu-tools-for-stm32.13.3.rel1.win32_1.0.0.202411081344/tools/bin/../lib/gcc/arm-none-eabi/13.3.1/thumb/v7-m/nofp\libgcc.a(_arm_cmpsf2.o)
 .ARM.attributes
                0x00000480       0x1d C:/ST/STM32CubeIDE_1.18.1/STM32CubeIDE/plugins/com.st.stm32cube.ide.mcu.externaltools.gnu-tools-for-stm32.13.3.rel1.win32_1.0.0.202411081344/tools/bin/../lib/gcc/arm-none-eabi/13.3.1/thumb/v7-m/nofp\libgcc.a(_arm_fixunssfsi.o)
 .ARM.attributes
                0x0000049d       0x1d C:/ST/STM32CubeIDE_1.18.1/STM32CubeIDE/plugins/com.st.stm32cube.ide.mcu.externaltools.gnu-tools-for-stm32.13.3.rel1.win32_1.0.0.202411081344/tools/bin/../lib/gcc/arm-none-eabi/13.3.1/thumb/v7-m/nofp/crtn.o
OUTPUT(Centrifuge.elf elf32-littlearm)
LOAD linker stubs
LOAD C:/ST/STM32CubeIDE_1.18.1/STM32CubeIDE/plugins/com.st.stm32cube.ide.mcu.externaltools.gnu-tools-for-stm32.13.3.rel1.win32_1.0.0.202411081344/tools/bin/../lib/gcc/arm-none-eabi/13.3.1/../../../../arm-none-eabi/lib/thumb/v7-m/nofp\libc.a
LOAD C:/ST/STM32CubeIDE_1.18.1/STM32CubeIDE/plugins/com.st.stm32cube.ide.mcu.externaltools.gnu-tools-for-stm32.13.3.rel1.win32_1.0.0.202411081344/tools/bin/../lib/gcc/arm-none-eabi/13.3.1/../../../../arm-none-eabi/lib/thumb/v7-m/nofp\libm.a
LOAD C:/ST/STM32CubeIDE_1.18.1/STM32CubeIDE/plugins/com.st.stm32cube.ide.mcu.externaltools.gnu-tools-for-stm32.13.3.rel1.win32_1.0.0.202411081344/tools/bin/../lib/gcc/arm-none-eabi/13.3.1/thumb/v7-m/nofp\libgcc.a

.debug_info     0x00000000     0xe2c2
 .debug_info    0x00000000      0xbdc ./Core/Src/MCP4725.o
 .debug_info    0x00000bdc      0x44e ./Core/Src/gpio.o
 .debug_info    0x0000102a      0xa0c ./Core/Src/i2c.o
 .debug_info    0x00001a36      0xe33 ./Core/Src/main.o
 .debug_info    0x00002869      0xd23 ./Core/Src/nrf24l01p.o
 .debug_info    0x0000358c      0x7bc ./Core/Src/spi.o
 .debug_info    0x00003d48      0x1f1 ./Core/Src/stm32f1xx_hal_msp.o
 .debug_info    0x00003f39      0x906 ./Core/Src/stm32f1xx_it.o
 .debug_info    0x0000483f      0x222 ./Core/Src/system_stm32f1xx.o
 .debug_info    0x00004a61      0xa16 ./Core/Src/usart.o
 .debug_info    0x00005477       0x30 ./Core/Startup/startup_stm32f103c8tx.o
 .debug_info    0x000054a7      0x704 ./Drivers/STM32F1xx_HAL_Driver/Src/stm32f1xx_hal.o
 .debug_info    0x00005bab      0xa87 ./Drivers/STM32F1xx_HAL_Driver/Src/stm32f1xx_hal_cortex.o
 .debug_info    0x00006632      0x6d2 ./Drivers/STM32F1xx_HAL_Driver/Src/stm32f1xx_hal_dma.o
 .debug_info    0x00006d04      0x5ab ./Drivers/STM32F1xx_HAL_Driver/Src/stm32f1xx_hal_gpio.o
 .debug_info    0x000072af     0x2524 ./Drivers/STM32F1xx_HAL_Driver/Src/stm32f1xx_hal_i2c.o
 .debug_info    0x000097d3      0x7d5 ./Drivers/STM32F1xx_HAL_Driver/Src/stm32f1xx_hal_rcc.o
 .debug_info    0x00009fa8     0x142d ./Drivers/STM32F1xx_HAL_Driver/Src/stm32f1xx_hal_spi.o
 .debug_info    0x0000b3d5     0x2eed ./Drivers/STM32F1xx_HAL_Driver/Src/stm32f1xx_hal_uart.o

.debug_abbrev   0x00000000     0x26ff
 .debug_abbrev  0x00000000      0x24a ./Core/Src/MCP4725.o
 .debug_abbrev  0x0000024a      0x161 ./Core/Src/gpio.o
 .debug_abbrev  0x000003ab      0x20e ./Core/Src/i2c.o
 .debug_abbrev  0x000005b9      0x2ee ./Core/Src/main.o
 .debug_abbrev  0x000008a7      0x2dc ./Core/Src/nrf24l01p.o
 .debug_abbrev  0x00000b83      0x1e7 ./Core/Src/spi.o
 .debug_abbrev  0x00000d6a       0xdb ./Core/Src/stm32f1xx_hal_msp.o
 .debug_abbrev  0x00000e45      0x1a5 ./Core/Src/stm32f1xx_it.o
 .debug_abbrev  0x00000fea      0x13f ./Core/Src/system_stm32f1xx.o
 .debug_abbrev  0x00001129      0x21c ./Core/Src/usart.o
 .debug_abbrev  0x00001345       0x24 ./Core/Startup/startup_stm32f103c8tx.o
 .debug_abbrev  0x00001369      0x201 ./Drivers/STM32F1xx_HAL_Driver/Src/stm32f1xx_hal.o
 .debug_abbrev  0x0000156a      0x2f8 ./Drivers/STM32F1xx_HAL_Driver/Src/stm32f1xx_hal_cortex.o
 .debug_abbrev  0x00001862      0x20b ./Drivers/STM32F1xx_HAL_Driver/Src/stm32f1xx_hal_dma.o
 .debug_abbrev  0x00001a6d      0x1ca ./Drivers/STM32F1xx_HAL_Driver/Src/stm32f1xx_hal_gpio.o
 .debug_abbrev  0x00001c37      0x2a3 ./Drivers/STM32F1xx_HAL_Driver/Src/stm32f1xx_hal_i2c.o
 .debug_abbrev  0x00001eda      0x2b3 ./Drivers/STM32F1xx_HAL_Driver/Src/stm32f1xx_hal_rcc.o
 .debug_abbrev  0x0000218d      0x27a ./Drivers/STM32F1xx_HAL_Driver/Src/stm32f1xx_hal_spi.o
 .debug_abbrev  0x00002407      0x2f8 ./Drivers/STM32F1xx_HAL_Driver/Src/stm32f1xx_hal_uart.o

.debug_aranges  0x00000000      0xd88
 .debug_aranges
                0x00000000       0xa0 ./Core/Src/MCP4725.o
 .debug_aranges
                0x000000a0       0x20 ./Core/Src/gpio.o
 .debug_aranges
                0x000000c0       0x30 ./Core/Src/i2c.o
 .debug_aranges
                0x000000f0       0x48 ./Core/Src/main.o
 .debug_aranges
                0x00000138      0x128 ./Core/Src/nrf24l01p.o
 .debug_aranges
                0x00000260       0x30 ./Core/Src/spi.o
 .debug_aranges
                0x00000290       0x20 ./Core/Src/stm32f1xx_hal_msp.o
 .debug_aranges
                0x000002b0       0x88 ./Core/Src/stm32f1xx_it.o
 .debug_aranges
                0x00000338       0x28 ./Core/Src/system_stm32f1xx.o
 .debug_aranges
                0x00000360       0x38 ./Core/Src/usart.o
 .debug_aranges
                0x00000398       0x28 ./Core/Startup/startup_stm32f103c8tx.o
 .debug_aranges
                0x000003c0       0xe0 ./Drivers/STM32F1xx_HAL_Driver/Src/stm32f1xx_hal.o
 .debug_aranges
                0x000004a0      0x100 ./Drivers/STM32F1xx_HAL_Driver/Src/stm32f1xx_hal_cortex.o
 .debug_aranges
                0x000005a0       0x80 ./Drivers/STM32F1xx_HAL_Driver/Src/stm32f1xx_hal_dma.o
 .debug_aranges
                0x00000620       0x58 ./Drivers/STM32F1xx_HAL_Driver/Src/stm32f1xx_hal_gpio.o
 .debug_aranges
                0x00000678      0x2a8 ./Drivers/STM32F1xx_HAL_Driver/Src/stm32f1xx_hal_i2c.o
 .debug_aranges
                0x00000920       0x90 ./Drivers/STM32F1xx_HAL_Driver/Src/stm32f1xx_hal_rcc.o
 .debug_aranges
                0x000009b0      0x1d0 ./Drivers/STM32F1xx_HAL_Driver/Src/stm32f1xx_hal_spi.o
 .debug_aranges
                0x00000b80      0x208 ./Drivers/STM32F1xx_HAL_Driver/Src/stm32f1xx_hal_uart.o

.debug_rnglists
                0x00000000      0xa76
 .debug_rnglists
                0x00000000       0x75 ./Core/Src/MCP4725.o
 .debug_rnglists
                0x00000075       0x14 ./Core/Src/gpio.o
 .debug_rnglists
                0x00000089       0x20 ./Core/Src/i2c.o
 .debug_rnglists
                0x000000a9       0x33 ./Core/Src/main.o
 .debug_rnglists
                0x000000dc       0xda ./Core/Src/nrf24l01p.o
 .debug_rnglists
                0x000001b6       0x20 ./Core/Src/spi.o
 .debug_rnglists
                0x000001d6       0x13 ./Core/Src/stm32f1xx_hal_msp.o
 .debug_rnglists
                0x000001e9       0x61 ./Core/Src/stm32f1xx_it.o
 .debug_rnglists
                0x0000024a       0x1a ./Core/Src/system_stm32f1xx.o
 .debug_rnglists
                0x00000264       0x26 ./Core/Src/usart.o
 .debug_rnglists
                0x0000028a       0x19 ./Core/Startup/startup_stm32f103c8tx.o
 .debug_rnglists
                0x000002a3       0xa3 ./Drivers/STM32F1xx_HAL_Driver/Src/stm32f1xx_hal.o
 .debug_rnglists
                0x00000346       0xbb ./Drivers/STM32F1xx_HAL_Driver/Src/stm32f1xx_hal_cortex.o
 .debug_rnglists
                0x00000401       0x64 ./Drivers/STM32F1xx_HAL_Driver/Src/stm32f1xx_hal_dma.o
 .debug_rnglists
                0x00000465       0x3f ./Drivers/STM32F1xx_HAL_Driver/Src/stm32f1xx_hal_gpio.o
 .debug_rnglists
                0x000004a4      0x23c ./Drivers/STM32F1xx_HAL_Driver/Src/stm32f1xx_hal_i2c.o
 .debug_rnglists
                0x000006e0       0x6c ./Drivers/STM32F1xx_HAL_Driver/Src/stm32f1xx_hal_rcc.o
 .debug_rnglists
                0x0000074c      0x16e ./Drivers/STM32F1xx_HAL_Driver/Src/stm32f1xx_hal_spi.o
 .debug_rnglists
                0x000008ba      0x1bc ./Drivers/STM32F1xx_HAL_Driver/Src/stm32f1xx_hal_uart.o

.debug_macro    0x00000000    0x17f9b
 .debug_macro   0x00000000      0x275 ./Core/Src/MCP4725.o
 .debug_macro   0x00000275      0xacc ./Core/Src/MCP4725.o
 .debug_macro   0x00000d41      0x221 ./Core/Src/MCP4725.o
 .debug_macro   0x00000f62       0x2e ./Core/Src/MCP4725.o
 .debug_macro   0x00000f90       0x22 ./Core/Src/MCP4725.o
 .debug_macro   0x00000fb2       0x22 ./Core/Src/MCP4725.o
 .debug_macro   0x00000fd4       0x8e ./Core/Src/MCP4725.o
 .debug_macro   0x00001062       0x51 ./Core/Src/MCP4725.o
 .debug_macro   0x000010b3      0x103 ./Core/Src/MCP4725.o
 .debug_macro   0x000011b6       0x6a ./Core/Src/MCP4725.o
 .debug_macro   0x00001220      0x1df ./Core/Src/MCP4725.o
 .debug_macro   0x000013ff       0x1c ./Core/Src/MCP4725.o
 .debug_macro   0x0000141b       0x22 ./Core/Src/MCP4725.o
 .debug_macro   0x0000143d       0xbd ./Core/Src/MCP4725.o
 .debug_macro   0x000014fa      0xd23 ./Core/Src/MCP4725.o
 .debug_macro   0x0000221d     0xe09e ./Core/Src/MCP4725.o
 .debug_macro   0x000102bb       0x6d ./Core/Src/MCP4725.o
 .debug_macro   0x00010328     0x34a2 ./Core/Src/MCP4725.o
 .debug_macro   0x000137ca      0x190 ./Core/Src/MCP4725.o
 .debug_macro   0x0001395a       0x5c ./Core/Src/MCP4725.o
 .debug_macro   0x000139b6      0x5bc ./Core/Src/MCP4725.o
 .debug_macro   0x00013f72      0x289 ./Core/Src/MCP4725.o
 .debug_macro   0x000141fb      0x1cb ./Core/Src/MCP4725.o
 .debug_macro   0x000143c6      0x114 ./Core/Src/MCP4725.o
 .debug_macro   0x000144da      0x1b2 ./Core/Src/MCP4725.o
 .debug_macro   0x0001468c       0x27 ./Core/Src/MCP4725.o
 .debug_macro   0x000146b3      0x136 ./Core/Src/MCP4725.o
 .debug_macro   0x000147e9      0x1bc ./Core/Src/MCP4725.o
 .debug_macro   0x000149a5       0x34 ./Core/Src/MCP4725.o
 .debug_macro   0x000149d9       0x3c ./Core/Src/MCP4725.o
 .debug_macro   0x00014a15       0x57 ./Core/Src/MCP4725.o
 .debug_macro   0x00014a6c       0x87 ./Core/Src/MCP4725.o
 .debug_macro   0x00014af3      0x240 ./Core/Src/MCP4725.o
 .debug_macro   0x00014d33      0x287 ./Core/Src/MCP4725.o
 .debug_macro   0x00014fba      0x140 ./Core/Src/MCP4725.o
 .debug_macro   0x000150fa      0x217 ./Core/Src/MCP4725.o
 .debug_macro   0x00015311      0x28e ./Core/Src/MCP4725.o
 .debug_macro   0x0001559f       0x83 ./Core/Src/MCP4725.o
 .debug_macro   0x00015622       0x2e ./Core/Src/MCP4725.o
 .debug_macro   0x00015650       0x61 ./Core/Src/MCP4725.o
 .debug_macro   0x000156b1       0x24 ./Core/Src/MCP4725.o
 .debug_macro   0x000156d5       0x43 ./Core/Src/MCP4725.o
 .debug_macro   0x00015718       0x34 ./Core/Src/MCP4725.o
 .debug_macro   0x0001574c      0x370 ./Core/Src/MCP4725.o
 .debug_macro   0x00015abc       0x16 ./Core/Src/MCP4725.o
 .debug_macro   0x00015ad2       0x4a ./Core/Src/MCP4725.o
 .debug_macro   0x00015b1c       0x34 ./Core/Src/MCP4725.o
 .debug_macro   0x00015b50       0x10 ./Core/Src/MCP4725.o
 .debug_macro   0x00015b60       0x58 ./Core/Src/MCP4725.o
 .debug_macro   0x00015bb8       0x8e ./Core/Src/MCP4725.o
 .debug_macro   0x00015c46       0x1c ./Core/Src/MCP4725.o
 .debug_macro   0x00015c62      0x185 ./Core/Src/MCP4725.o
 .debug_macro   0x00015de7      0x19b ./Core/Src/MCP4725.o
 .debug_macro   0x00015f82       0x4c ./Core/Src/MCP4725.o
 .debug_macro   0x00015fce      0x1bb ./Core/Src/gpio.o
 .debug_macro   0x00016189      0x1bb ./Core/Src/i2c.o
 .debug_macro   0x00016344      0x2b3 ./Core/Src/main.o
 .debug_macro   0x000165f7       0x22 ./Core/Src/main.o
 .debug_macro   0x00016619      0x123 ./Core/Src/main.o
 .debug_macro   0x0001673c      0x1d3 ./Core/Src/nrf24l01p.o
 .debug_macro   0x0001690f      0x1bb ./Core/Src/spi.o
 .debug_macro   0x00016aca      0x1b1 ./Core/Src/stm32f1xx_hal_msp.o
 .debug_macro   0x00016c7b      0x1bb ./Core/Src/stm32f1xx_it.o
 .debug_macro   0x00016e36      0x1a2 ./Core/Src/system_stm32f1xx.o
 .debug_macro   0x00016fd8      0x1bb ./Core/Src/usart.o
 .debug_macro   0x00017193      0x1c6 ./Drivers/STM32F1xx_HAL_Driver/Src/stm32f1xx_hal.o
 .debug_macro   0x00017359      0x1a2 ./Drivers/STM32F1xx_HAL_Driver/Src/stm32f1xx_hal_cortex.o
 .debug_macro   0x000174fb      0x1a2 ./Drivers/STM32F1xx_HAL_Driver/Src/stm32f1xx_hal_dma.o
 .debug_macro   0x0001769d      0x20d ./Drivers/STM32F1xx_HAL_Driver/Src/stm32f1xx_hal_gpio.o
 .debug_macro   0x000178aa      0x1f0 ./Drivers/STM32F1xx_HAL_Driver/Src/stm32f1xx_hal_i2c.o
 .debug_macro   0x00017a9a      0x1b4 ./Drivers/STM32F1xx_HAL_Driver/Src/stm32f1xx_hal_rcc.o
 .debug_macro   0x00017c4e      0x1aa ./Drivers/STM32F1xx_HAL_Driver/Src/stm32f1xx_hal_spi.o
 .debug_macro   0x00017df8      0x1a3 ./Drivers/STM32F1xx_HAL_Driver/Src/stm32f1xx_hal_uart.o

.debug_line     0x00000000    0x10d60
 .debug_line    0x00000000      0xb4d ./Core/Src/MCP4725.o
 .debug_line    0x00000b4d      0x73f ./Core/Src/gpio.o
 .debug_line    0x0000128c      0x76a ./Core/Src/i2c.o
 .debug_line    0x000019f6      0x9fd ./Core/Src/main.o
 .debug_line    0x000023f3      0xb24 ./Core/Src/nrf24l01p.o
 .debug_line    0x00002f17      0x775 ./Core/Src/spi.o
 .debug_line    0x0000368c      0x6fa ./Core/Src/stm32f1xx_hal_msp.o
 .debug_line    0x00003d86      0x820 ./Core/Src/stm32f1xx_it.o
 .debug_line    0x000045a6      0x778 ./Core/Src/system_stm32f1xx.o
 .debug_line    0x00004d1e      0x7e8 ./Core/Src/usart.o
 .debug_line    0x00005506       0x78 ./Core/Startup/startup_stm32f103c8tx.o
 .debug_line    0x0000557e      0x9a9 ./Drivers/STM32F1xx_HAL_Driver/Src/stm32f1xx_hal.o
 .debug_line    0x00005f27      0xb73 ./Drivers/STM32F1xx_HAL_Driver/Src/stm32f1xx_hal_cortex.o
 .debug_line    0x00006a9a      0xdb3 ./Drivers/STM32F1xx_HAL_Driver/Src/stm32f1xx_hal_dma.o
 .debug_line    0x0000784d      0xa06 ./Drivers/STM32F1xx_HAL_Driver/Src/stm32f1xx_hal_gpio.o
 .debug_line    0x00008253     0x3ba6 ./Drivers/STM32F1xx_HAL_Driver/Src/stm32f1xx_hal_i2c.o
 .debug_line    0x0000bdf9      0xe62 ./Drivers/STM32F1xx_HAL_Driver/Src/stm32f1xx_hal_rcc.o
 .debug_line    0x0000cc5b     0x1c40 ./Drivers/STM32F1xx_HAL_Driver/Src/stm32f1xx_hal_spi.o
 .debug_line    0x0000e89b     0x24c5 ./Drivers/STM32F1xx_HAL_Driver/Src/stm32f1xx_hal_uart.o

.debug_str      0x00000000    0x8701b
 .debug_str     0x00000000    0x8701b ./Core/Src/MCP4725.o
                              0x83ac7 (size before relaxing)
 .debug_str     0x0008701b    0x7fb78 ./Core/Src/gpio.o
 .debug_str     0x0008701b    0x80074 ./Core/Src/i2c.o
 .debug_str     0x0008701b    0x843b4 ./Core/Src/main.o
 .debug_str     0x0008701b    0x805ad ./Core/Src/nrf24l01p.o
 .debug_str     0x0008701b    0x7fc82 ./Core/Src/spi.o
 .debug_str     0x0008701b    0x7f7f9 ./Core/Src/stm32f1xx_hal_msp.o
 .debug_str     0x0008701b    0x7ff55 ./Core/Src/stm32f1xx_it.o
 .debug_str     0x0008701b    0x7f784 ./Core/Src/system_stm32f1xx.o
 .debug_str     0x0008701b    0x8001d ./Core/Src/usart.o
 .debug_str     0x0008701b       0x81 ./Core/Startup/startup_stm32f103c8tx.o
 .debug_str     0x0008701b    0x7feb7 ./Drivers/STM32F1xx_HAL_Driver/Src/stm32f1xx_hal.o
 .debug_str     0x0008701b    0x7fe03 ./Drivers/STM32F1xx_HAL_Driver/Src/stm32f1xx_hal_cortex.o
 .debug_str     0x0008701b    0x7fb2d ./Drivers/STM32F1xx_HAL_Driver/Src/stm32f1xx_hal_dma.o
 .debug_str     0x0008701b    0x7fb0a ./Drivers/STM32F1xx_HAL_Driver/Src/stm32f1xx_hal_gpio.o
 .debug_str     0x0008701b    0x8084b ./Drivers/STM32F1xx_HAL_Driver/Src/stm32f1xx_hal_i2c.o
 .debug_str     0x0008701b    0x7fbb3 ./Drivers/STM32F1xx_HAL_Driver/Src/stm32f1xx_hal_rcc.o
 .debug_str     0x0008701b    0x800aa ./Drivers/STM32F1xx_HAL_Driver/Src/stm32f1xx_hal_spi.o
 .debug_str     0x0008701b    0x80224 ./Drivers/STM32F1xx_HAL_Driver/Src/stm32f1xx_hal_uart.o

.comment        0x00000000       0x43
 .comment       0x00000000       0x43 ./Core/Src/MCP4725.o
                                 0x44 (size before relaxing)
 .comment       0x00000043       0x44 ./Core/Src/gpio.o
 .comment       0x00000043       0x44 ./Core/Src/i2c.o
 .comment       0x00000043       0x44 ./Core/Src/main.o
 .comment       0x00000043       0x44 ./Core/Src/nrf24l01p.o
 .comment       0x00000043       0x44 ./Core/Src/spi.o
 .comment       0x00000043       0x44 ./Core/Src/stm32f1xx_hal_msp.o
 .comment       0x00000043       0x44 ./Core/Src/stm32f1xx_it.o
 .comment       0x00000043       0x44 ./Core/Src/system_stm32f1xx.o
 .comment       0x00000043       0x44 ./Core/Src/usart.o
 .comment       0x00000043       0x44 ./Drivers/STM32F1xx_HAL_Driver/Src/stm32f1xx_hal.o
 .comment       0x00000043       0x44 ./Drivers/STM32F1xx_HAL_Driver/Src/stm32f1xx_hal_cortex.o
 .comment       0x00000043       0x44 ./Drivers/STM32F1xx_HAL_Driver/Src/stm32f1xx_hal_dma.o
 .comment       0x00000043       0x44 ./Drivers/STM32F1xx_HAL_Driver/Src/stm32f1xx_hal_gpio.o
 .comment       0x00000043       0x44 ./Drivers/STM32F1xx_HAL_Driver/Src/stm32f1xx_hal_i2c.o
 .comment       0x00000043       0x44 ./Drivers/STM32F1xx_HAL_Driver/Src/stm32f1xx_hal_rcc.o
 .comment       0x00000043       0x44 ./Drivers/STM32F1xx_HAL_Driver/Src/stm32f1xx_hal_spi.o
 .comment       0x00000043       0x44 ./Drivers/STM32F1xx_HAL_Driver/Src/stm32f1xx_hal_uart.o

.debug_frame    0x00000000     0x391c
 .debug_frame   0x00000000      0x28c ./Core/Src/MCP4725.o
 .debug_frame   0x0000028c       0x34 ./Core/Src/gpio.o
 .debug_frame   0x000002c0       0x74 ./Core/Src/i2c.o
 .debug_frame   0x00000334       0xd8 ./Core/Src/main.o
 .debug_frame   0x0000040c      0x4a8 ./Core/Src/nrf24l01p.o
 .debug_frame   0x000008b4       0x74 ./Core/Src/spi.o
 .debug_frame   0x00000928       0x38 ./Core/Src/stm32f1xx_hal_msp.o
 .debug_frame   0x00000960      0x190 ./Core/Src/stm32f1xx_it.o
 .debug_frame   0x00000af0       0x58 ./Core/Src/system_stm32f1xx.o
 .debug_frame   0x00000b48       0x90 ./Core/Src/usart.o
 .debug_frame   0x00000bd8      0x334 ./Drivers/STM32F1xx_HAL_Driver/Src/stm32f1xx_hal.o
 .debug_frame   0x00000f0c      0x428 ./Drivers/STM32F1xx_HAL_Driver/Src/stm32f1xx_hal_cortex.o
 .debug_frame   0x00001334      0x208 ./Drivers/STM32F1xx_HAL_Driver/Src/stm32f1xx_hal_dma.o
 .debug_frame   0x0000153c      0x14c ./Drivers/STM32F1xx_HAL_Driver/Src/stm32f1xx_hal_gpio.o
 .debug_frame   0x00001688      0xc84 ./Drivers/STM32F1xx_HAL_Driver/Src/stm32f1xx_hal_i2c.o
 .debug_frame   0x0000230c      0x218 ./Drivers/STM32F1xx_HAL_Driver/Src/stm32f1xx_hal_rcc.o
 .debug_frame   0x00002524      0x824 ./Drivers/STM32F1xx_HAL_Driver/Src/stm32f1xx_hal_spi.o
 .debug_frame   0x00002d48      0x944 ./Drivers/STM32F1xx_HAL_Driver/Src/stm32f1xx_hal_uart.o
 .debug_frame   0x0000368c       0x20 C:/ST/STM32CubeIDE_1.18.1/STM32CubeIDE/plugins/com.st.stm32cube.ide.mcu.externaltools.gnu-tools-for-stm32.13.3.rel1.win32_1.0.0.202411081344/tools/bin/../lib/gcc/arm-none-eabi/13.3.1/../../../../arm-none-eabi/lib/thumb/v7-m/nofp\libc_nano.a(libc_a-memset.o)
 .debug_frame   0x000036ac       0x2c C:/ST/STM32CubeIDE_1.18.1/STM32CubeIDE/plugins/com.st.stm32cube.ide.mcu.externaltools.gnu-tools-for-stm32.13.3.rel1.win32_1.0.0.202411081344/tools/bin/../lib/gcc/arm-none-eabi/13.3.1/../../../../arm-none-eabi/lib/thumb/v7-m/nofp\libc_nano.a(libc_a-init.o)
 .debug_frame   0x000036d8       0xac C:/ST/STM32CubeIDE_1.18.1/STM32CubeIDE/plugins/com.st.stm32cube.ide.mcu.externaltools.gnu-tools-for-stm32.13.3.rel1.win32_1.0.0.202411081344/tools/bin/../lib/gcc/arm-none-eabi/13.3.1/thumb/v7-m/nofp\libgcc.a(_arm_addsubdf3.o)
 .debug_frame   0x00003784       0x50 C:/ST/STM32CubeIDE_1.18.1/STM32CubeIDE/plugins/com.st.stm32cube.ide.mcu.externaltools.gnu-tools-for-stm32.13.3.rel1.win32_1.0.0.202411081344/tools/bin/../lib/gcc/arm-none-eabi/13.3.1/thumb/v7-m/nofp\libgcc.a(_arm_muldivdf3.o)
 .debug_frame   0x000037d4       0x24 C:/ST/STM32CubeIDE_1.18.1/STM32CubeIDE/plugins/com.st.stm32cube.ide.mcu.externaltools.gnu-tools-for-stm32.13.3.rel1.win32_1.0.0.202411081344/tools/bin/../lib/gcc/arm-none-eabi/13.3.1/thumb/v7-m/nofp\libgcc.a(_arm_fixunsdfsi.o)
 .debug_frame   0x000037f8       0x38 C:/ST/STM32CubeIDE_1.18.1/STM32CubeIDE/plugins/com.st.stm32cube.ide.mcu.externaltools.gnu-tools-for-stm32.13.3.rel1.win32_1.0.0.202411081344/tools/bin/../lib/gcc/arm-none-eabi/13.3.1/thumb/v7-m/nofp\libgcc.a(_arm_muldivsf3.o)
 .debug_frame   0x00003830       0xc8 C:/ST/STM32CubeIDE_1.18.1/STM32CubeIDE/plugins/com.st.stm32cube.ide.mcu.externaltools.gnu-tools-for-stm32.13.3.rel1.win32_1.0.0.202411081344/tools/bin/../lib/gcc/arm-none-eabi/13.3.1/thumb/v7-m/nofp\libgcc.a(_arm_cmpsf2.o)
 .debug_frame   0x000038f8       0x24 C:/ST/STM32CubeIDE_1.18.1/STM32CubeIDE/plugins/com.st.stm32cube.ide.mcu.externaltools.gnu-tools-for-stm32.13.3.rel1.win32_1.0.0.202411081344/tools/bin/../lib/gcc/arm-none-eabi/13.3.1/thumb/v7-m/nofp\libgcc.a(_arm_fixunssfsi.o)

.debug_line_str
                0x00000000       0x65
 .debug_line_str
                0x00000000       0x65 ./Core/Startup/startup_stm32f103c8tx.o
