../Core/Src/main.c:159:5:main	208	static
../Core/Src/main.c:500:6:SystemClock_Config	72	static
../Core/Src/main.c:538:6:HAL_UART_RxCpltCallback	24	static
../Core/Src/main.c:670:9:setValue	16	static
../Core/Src/main.c:675:6:HAL_GPIO_EXTI_Callback	24	static
../Core/Src/main.c:712:6:collect_data	8	static
../Core/Src/main.c:724:6:process_rx	24	static
../Core/Src/main.c:780:6:check_radio_health	16	static
../Core/Src/main.c:794:6:HAL_TIM_PeriodElapsedCallback	16	static
../Core/Src/main.c:815:6:Error_Handler	4	static,ignoring_inline_asm
