../Core/Src/main.c:176:5:main	232	static
../Core/Src/main.c:564:6:SystemClock_Config	72	static
../Core/Src/main.c:602:6:HAL_UART_RxCpltCallback	16	static
../Core/Src/main.c:733:9:setValue	16	static
../Core/Src/main.c:738:6:HAL_GPIO_EXTI_Callback	24	static
../Core/Src/main.c:775:6:collect_data	8	static
../Core/Src/main.c:787:6:process_rx	24	static
../Core/Src/main.c:843:6:check_radio_health	16	static
../Core/Src/main.c:857:6:HAL_TIM_PeriodElapsedCallback	16	static
../Core/Src/main.c:878:6:Error_Handler	4	static,ignoring_inline_asm
