../Core/Src/nrf24l01p.c:13:13:cs_high	8	static
../Core/Src/nrf24l01p.c:18:13:cs_low	8	static
../Core/Src/nrf24l01p.c:23:13:ce_high	8	static
../Core/Src/nrf24l01p.c:28:13:ce_low	8	static
../Core/Src/nrf24l01p.c:33:16:read_register	32	static
../Core/Src/nrf24l01p.c:47:16:write_register	32	static
../Core/Src/nrf24l01p.c:62:9:set_address	32	static
../Core/Src/nrf24l01p.c:77:6:nrf24l01p_rx_init	16	static
../Core/Src/nrf24l01p.c:99:6:nrf24l01p_tx_init	16	static
../Core/Src/nrf24l01p.c:119:6:nrf24l01p_rx_receive	16	static
../Core/Src/nrf24l01p.c:127:6:nrf24l01p_tx_transmit	16	static
../Core/Src/nrf24l01p.c:132:6:nrf24l01p_tx_irq	16	static
../Core/Src/nrf24l01p.c:153:6:nrf24l01p_reset	8	static
../Core/Src/nrf24l01p.c:184:6:nrf24l01p_prx_mode	16	static
../Core/Src/nrf24l01p.c:192:6:nrf24l01p_ptx_mode	16	static
../Core/Src/nrf24l01p.c:200:9:nrf24l01p_read_rx_fifo	32	static
../Core/Src/nrf24l01p.c:213:9:nrf24l01p_write_tx_fifo	32	static
../Core/Src/nrf24l01p.c:226:6:nrf24l01p_flush_rx_fifo	24	static
../Core/Src/nrf24l01p.c:236:6:nrf24l01p_flush_tx_fifo	24	static
../Core/Src/nrf24l01p.c:246:9:nrf24l01p_get_status	24	static
../Core/Src/nrf24l01p.c:258:9:nrf24l01p_get_status_fast	8	static
../Core/Src/nrf24l01p.c:264:9:nrf24l01p_get_fifo_status	8	static
../Core/Src/nrf24l01p.c:269:6:nrf24l01p_rx_set_payload_widths	16	static
../Core/Src/nrf24l01p.c:274:6:nrf24l01p_clear_rx_dr	16	static
../Core/Src/nrf24l01p.c:282:6:nrf24l01p_clear_tx_ds	16	static
../Core/Src/nrf24l01p.c:290:6:nrf24l01p_clear_max_rt	16	static
../Core/Src/nrf24l01p.c:298:6:nrf24l01p_power_up	16	static
../Core/Src/nrf24l01p.c:306:6:nrf24l01p_power_down	16	static
../Core/Src/nrf24l01p.c:314:6:nrf24l01p_set_crc_length	24	static
../Core/Src/nrf24l01p.c:333:6:nrf24l01p_set_address_widths	16	static
../Core/Src/nrf24l01p.c:338:6:nrf24l01p_auto_retransmit_count	24	static
../Core/Src/nrf24l01p.c:348:6:nrf24l01p_auto_retransmit_delay	24	static
../Core/Src/nrf24l01p.c:358:6:nrf24l01p_set_rf_channel	24	static
../Core/Src/nrf24l01p.c:364:6:nrf24l01p_set_rf_tx_output_power	24	static
../Core/Src/nrf24l01p.c:372:6:nrf24l01p_set_rf_air_data_rate	24	static
